Copyright 1986-2022 Xilinx, Inc. All Rights Reserved. Copyright 2022-2024 Advanced Micro Devices, Inc. All Rights Reserved.
-------------------------------------------------------------------------------------------------------------------------------------------------
| Tool Version     : Vivado v.2024.2 (win64) Build 5239630 Fri Nov 08 22:35:27 MST 2024
| Date             : Sat Apr 11 22:09:15 2026
| Host             : Acey running 64-bit major release  (build 9200)
| Command          : report_power -file ./outputs/post_route_power.rpt
| Design           : bnn_fcc_timing
| Device           : xcu250-figd2104-2L-e
| Design State     : routed
| Grade            : extended
| Process          : typical
| Characterization : Production
-------------------------------------------------------------------------------------------------------------------------------------------------

Power Report

Table of Contents
-----------------
1. Summary
1.1 On-Chip Components
1.2 Power Supply Summary
1.3 Confidence Level
2. Settings
2.1 Environment
2.2 Clock Constraints
3. Detailed Reports
3.1 By Hierarchy

1. Summary
----------

+--------------------------+--------------+
| Total On-Chip Power (W)  | 6.761        |
| Design Power Budget (W)  | Unspecified* |
| Power Budget Margin (W)  | NA           |
| Dynamic (W)              | 3.745        |
| Device Static (W)        | 3.017        |
| Effective TJA (C/W)      | 0.5          |
| Max Ambient (C)          | 96.5         |
| Junction Temperature (C) | 28.5         |
| Confidence Level         | Medium       |
| Setting File             | ---          |
| Simulation Activity File | ---          |
| Design Nets Matched      | NA           |
+--------------------------+--------------+
* Specify Design Power Budget using, set_operating_conditions -design_power_budget <value in Watts>


1.1 On-Chip Components
----------------------

+--------------------------+-----------+----------+-----------+-----------------+
| On-Chip                  | Power (W) | Used     | Available | Utilization (%) |
+--------------------------+-----------+----------+-----------+-----------------+
| Clocks                   |     0.713 |        3 |       --- |             --- |
| CLB Logic                |     1.113 |    62026 |       --- |             --- |
|   LUT as Logic           |     0.810 |    23878 |   1728000 |            1.38 |
|   LUT as Distributed RAM |     0.158 |     3540 |    791040 |            0.45 |
|   Register               |     0.119 |    26240 |   3456000 |            0.76 |
|   LUT as Shift Register  |     0.015 |      629 |    791040 |            0.08 |
|   CARRY8                 |     0.011 |      279 |    216000 |            0.13 |
|   Others                 |     0.000 |     5422 |       --- |             --- |
|   F7/F8 Muxes            |     0.000 |      352 |   1728000 |            0.02 |
| Signals                  |     1.081 |    35018 |       --- |             --- |
| Block RAM                |     0.837 |       32 |      2688 |            1.19 |
| Static Power             |     3.017 |          |           |                 |
| Total                    |     6.761 |          |           |                 |
+--------------------------+-----------+----------+-----------+-----------------+


1.2 Power Supply Summary
------------------------

+------------+-------------+-----------+-------------+------------+-------------+-------------+------------+
| Source     | Voltage (V) | Total (A) | Dynamic (A) | Static (A) | Powerup (A) | Budget (A)  | Margin (A) |
+------------+-------------+-----------+-------------+------------+-------------+-------------+------------+
| Vccint     |       0.850 |     5.593 |       4.361 |      1.232 |       NA    | Unspecified | NA         |
| Vccint_io  |       0.850 |     0.143 |       0.000 |      0.143 |       NA    | Unspecified | NA         |
| Vccbram    |       0.850 |     0.066 |       0.044 |      0.022 |       NA    | Unspecified | NA         |
| Vccaux     |       1.800 |     0.880 |       0.000 |      0.880 |       NA    | Unspecified | NA         |
| Vccaux_io  |       1.800 |     0.104 |       0.000 |      0.104 |       NA    | Unspecified | NA         |
| Vcco33     |       3.300 |     0.000 |       0.000 |      0.000 |       NA    | Unspecified | NA         |
| Vcco25     |       2.500 |     0.000 |       0.000 |      0.000 |       NA    | Unspecified | NA         |
| Vcco18     |       1.800 |     0.000 |       0.000 |      0.000 |       NA    | Unspecified | NA         |
| Vcco15     |       1.500 |     0.000 |       0.000 |      0.000 |       NA    | Unspecified | NA         |
| Vcco135    |       1.350 |     0.000 |       0.000 |      0.000 |       NA    | Unspecified | NA         |
| Vcco12     |       1.200 |     0.000 |       0.000 |      0.000 |       NA    | Unspecified | NA         |
| Vcco10     |       1.000 |     0.000 |       0.000 |      0.000 |       NA    | Unspecified | NA         |
| Vccadc     |       1.800 |     0.032 |       0.000 |      0.032 |       NA    | Unspecified | NA         |
| MGTYAVcc   |       0.900 |     0.000 |       0.000 |      0.000 |       NA    | Unspecified | NA         |
| MGTYAVtt   |       1.200 |     0.000 |       0.000 |      0.000 |       NA    | Unspecified | NA         |
| MGTYVccaux |       1.800 |     0.000 |       0.000 |      0.000 |       NA    | Unspecified | NA         |
+------------+-------------+-----------+-------------+------------+-------------+-------------+------------+


1.3 Confidence Level
--------------------

+-----------------------------+------------+------------------------------------------------+------------------------------------------------------------------------------------------------------------+
| User Input Data             | Confidence | Details                                        | Action                                                                                                     |
+-----------------------------+------------+------------------------------------------------+------------------------------------------------------------------------------------------------------------+
| Design implementation state | High       | Design is routed                               |                                                                                                            |
| Clock nodes activity        | High       | User specified more than 95% of clocks         |                                                                                                            |
| I/O nodes activity          | High       | User specified more than 95% of inputs         |                                                                                                            |
| Internal nodes activity     | Medium     | User specified less than 25% of internal nodes | Provide missing internal nodes activity with simulation results or by editing the "By Resource Type" views |
| Device models               | High       | Device models are Production                   |                                                                                                            |
|                             |            |                                                |                                                                                                            |
| Overall confidence level    | Medium     |                                                |                                                                                                            |
+-----------------------------+------------+------------------------------------------------+------------------------------------------------------------------------------------------------------------+


2. Settings
-----------

2.1 Environment
---------------

+-----------------------+--------------------------+
| Ambient Temp (C)      | 25.0                     |
| ThetaJA (C/W)         | 0.5                      |
| Airflow (LFM)         | 250                      |
| Heat Sink             | medium (Medium Profile)  |
| ThetaSA (C/W)         | 0.7                      |
| Board Selection       | medium (10"x10")         |
| # of Board Layers     | 12to15 (12 to 15 Layers) |
| Board Temperature (C) | 25.0                     |
+-----------------------+--------------------------+


2.2 Clock Constraints
---------------------

+-------+--------+-----------------+
| Clock | Domain | Constraint (ns) |
+-------+--------+-----------------+
| clk   | clk    |             1.0 |
+-------+--------+-----------------+


3. Detailed Reports
-------------------

3.1 By Hierarchy
----------------

+-------------------------------------+-----------+
| Name                                | Power (W) |
+-------------------------------------+-----------+
| bnn_fcc_timing                      |     3.745 |
|   DUT                               |     3.738 |
|     argmax_inst                     |     0.007 |
|       l_recurse.left_tree           |     0.005 |
|     bnn_main                        |     3.524 |
|       u_layer_1                     |     2.209 |
|       u_layer_2                     |     1.035 |
|       u_layer_3                     |     0.281 |
|     config_manager                  |     0.159 |
|       config_manager_pad_fsm_i      |     0.005 |
|       config_manager_parser_i       |     0.009 |
|       config_tkeep_byte_compactor_i |     0.013 |
|       config_vw_buffer_i            |     0.006 |
|       fifo_config_bytes             |     0.024 |
|       fifo_thresholds               |     0.007 |
|       fifo_weights_bytes            |     0.033 |
|       gen_packer[0].fifo_packer     |     0.014 |
|       gen_packer[1].fifo_packer     |     0.006 |
|       gen_packer[2].fifo_packer     |     0.005 |
|     data_in_manager_i               |     0.036 |
|       bin_fifo                      |     0.029 |
|       tkeep_byte_compactor_i        |     0.004 |
|       vw_buffer_i                   |     0.002 |
|     out_fifo                        |     0.012 |
+-------------------------------------+-----------+


