Copyright 1986-2022 Xilinx, Inc. All Rights Reserved. Copyright 2022-2024 Advanced Micro Devices, Inc. All Rights Reserved.
--------------------------------------------------------------------------------------------------------------------------------------------------
| Tool Version      : Vivado v.2024.2 (win64) Build 5239630 Fri Nov 08 22:35:27 MST 2024
| Date              : Fri Apr 17 22:30:31 2026
| Host              : Acey running 64-bit major release  (build 9200)
| Command           : report_timing_summary -file ./outputs/post_place_timing_summary.rpt
| Design            : bnn_fcc_timing
| Device            : xcu250-figd2104
| Speed File        : -2L  PRODUCTION 1.28 03-30-2022
| Design State      : Physopt postPlace
| Temperature Grade : E
--------------------------------------------------------------------------------------------------------------------------------------------------

Timing Summary Report

------------------------------------------------------------------------------------------------
| Timer Settings
| --------------
------------------------------------------------------------------------------------------------

  Enable Multi Corner Analysis               :  Yes
  Enable Pessimism Removal                   :  Yes
  Pessimism Removal Resolution               :  Nearest Common Node
  Enable Input Delay Default Clock           :  No
  Enable Preset / Clear Arcs                 :  No
  Disable Flight Delays                      :  No
  Ignore I/O Paths                           :  No
  Timing Early Launch at Borrowing Latches   :  No
  Borrow Time for Max Delay Exceptions       :  Yes
  Merge Timing Exceptions                    :  Yes
  Inter-SLR Compensation                     :  Conservative

  Corner  Analyze    Analyze    
  Name    Max Paths  Min Paths  
  ------  ---------  ---------  
  Slow    Yes        Yes        
  Fast    Yes        Yes        


------------------------------------------------------------------------------------------------
| Report Methodology
| ------------------
------------------------------------------------------------------------------------------------

Rule       Severity  Description                    Violations  
---------  --------  -----------------------------  ----------  
TIMING-16  Warning   Large setup violation          1000        
TIMING-18  Warning   Missing input or output delay  665         

Note: This report is based on the most recent report_methodology run and may not be up-to-date. Run report_methodology on the current design for the latest report.



check_timing report

Table of Contents
-----------------
1. checking no_clock (0)
2. checking constant_clock (0)
3. checking pulse_width_clock (0)
4. checking unconstrained_internal_endpoints (0)
5. checking no_input_delay (206)
6. checking no_output_delay (7)
7. checking multiple_clock (0)
8. checking generated_clocks (0)
9. checking loops (0)
10. checking partial_input_delay (0)
11. checking partial_output_delay (0)
12. checking latch_loops (0)

1. checking no_clock (0)
------------------------
 There are 0 register/latch pins with no clock.


2. checking constant_clock (0)
------------------------------
 There are 0 register/latch pins with constant_clock.


3. checking pulse_width_clock (0)
---------------------------------
 There are 0 register/latch pins which need pulse_width check


4. checking unconstrained_internal_endpoints (0)
------------------------------------------------
 There are 0 pins that are not constrained for maximum delay.

 There are 0 pins that are not constrained for maximum delay due to constant clock.


5. checking no_input_delay (206)
--------------------------------
 There are 206 input ports with no input delay specified. (HIGH)

 There are 0 input ports with no input delay but user has a false path constraint.


6. checking no_output_delay (7)
-------------------------------
 There are 7 ports with no output delay specified. (HIGH)

 There are 0 ports with no output delay but user has a false path constraint

 There are 0 ports with no output delay but with a timing clock defined on it or propagating through it


7. checking multiple_clock (0)
------------------------------
 There are 0 register/latch pins with multiple clocks.


8. checking generated_clocks (0)
--------------------------------
 There are 0 generated clocks that are not connected to a clock source.


9. checking loops (0)
---------------------
 There are 0 combinational loops in the design.


10. checking partial_input_delay (0)
------------------------------------
 There are 0 input ports with partial input delay specified.


11. checking partial_output_delay (0)
-------------------------------------
 There are 0 ports with partial output delay specified.


12. checking latch_loops (0)
----------------------------
 There are 0 combinational latch loops in the design through latch input



------------------------------------------------------------------------------------------------
| Design Timing Summary
| ---------------------
------------------------------------------------------------------------------------------------

    WNS(ns)      TNS(ns)  TNS Failing Endpoints  TNS Total Endpoints      WHS(ns)      THS(ns)  THS Failing Endpoints  THS Total Endpoints     WPWS(ns)     TPWS(ns)  TPWS Failing Endpoints  TPWS Total Endpoints  
    -------      -------  ---------------------  -------------------      -------      -------  ---------------------  -------------------     --------     --------  ----------------------  --------------------  
     -9.740  -158900.906                 130717               685034       -0.156     -151.878                   6146               685034        0.093        0.000                       0                425116  


Timing constraints are not met.


------------------------------------------------------------------------------------------------
| Clock Summary
| -------------
------------------------------------------------------------------------------------------------

Clock  Waveform(ns)         Period(ns)      Frequency(MHz)
-----  ------------         ----------      --------------
clk    {0.000 0.625}        1.250           800.000         


------------------------------------------------------------------------------------------------
| Intra Clock Table
| -----------------
------------------------------------------------------------------------------------------------

Clock             WNS(ns)      TNS(ns)  TNS Failing Endpoints  TNS Total Endpoints      WHS(ns)      THS(ns)  THS Failing Endpoints  THS Total Endpoints     WPWS(ns)     TPWS(ns)  TPWS Failing Endpoints  TPWS Total Endpoints  
-----             -------      -------  ---------------------  -------------------      -------      -------  ---------------------  -------------------     --------     --------  ----------------------  --------------------  
clk                -9.740  -158900.906                 130717               685034       -0.156     -151.878                   6146               685034        0.093        0.000                       0                425116  


------------------------------------------------------------------------------------------------
| Inter Clock Table
| -----------------
------------------------------------------------------------------------------------------------

From Clock    To Clock          WNS(ns)      TNS(ns)  TNS Failing Endpoints  TNS Total Endpoints      WHS(ns)      THS(ns)  THS Failing Endpoints  THS Total Endpoints  
----------    --------          -------      -------  ---------------------  -------------------      -------      -------  ---------------------  -------------------  


------------------------------------------------------------------------------------------------
| Other Path Groups Table
| -----------------------
------------------------------------------------------------------------------------------------

Path Group    From Clock    To Clock          WNS(ns)      TNS(ns)  TNS Failing Endpoints  TNS Total Endpoints      WHS(ns)      THS(ns)  THS Failing Endpoints  THS Total Endpoints  
----------    ----------    --------          -------      -------  ---------------------  -------------------      -------      -------  ---------------------  -------------------  


------------------------------------------------------------------------------------------------
| Timing Details
| --------------
------------------------------------------------------------------------------------------------


---------------------------------------------------------------------------------------------------
From Clock:  clk
  To Clock:  clk

Setup :       130717  Failing Endpoints,  Worst Slack       -9.740ns,  Total Violation  -158900.904ns
Hold  :         6146  Failing Endpoints,  Worst Slack       -0.156ns,  Total Violation     -151.878ns
PW    :            0  Failing Endpoints,  Worst Slack        0.093ns,  Total Violation        0.000ns
---------------------------------------------------------------------------------------------------


Max Delay Paths
--------------------------------------------------------------------------------------
Slack (VIOLATED) :        -9.740ns  (required time - arrival time)
  Source:                 DUT/data_in_manager_i/vw_total_bytes_r_reg[3]/C
                            (rising edge-triggered cell FDRE clocked by clk  {rise@0.000ns fall@0.625ns period=1.250ns})
  Destination:            DUT/data_in_manager_i/vw_buffer_i/mem_data_r_reg[63]/D
                            (rising edge-triggered cell FDRE clocked by clk  {rise@0.000ns fall@0.625ns period=1.250ns})
  Path Group:             clk
  Path Type:              Setup (Max at Slow Process Corner)
  Requirement:            1.250ns  (clk rise@1.250ns - clk rise@0.000ns)
  Data Path Delay:        10.974ns  (logic 2.745ns (25.014%)  route 8.229ns (74.986%))
  Logic Levels:           31  (LUT2=1 LUT3=5 LUT5=4 LUT6=21)
  Clock Path Skew:        -0.006ns (DCD - SCD + CPR)
    Destination Clock Delay (DCD):    2.788ns = ( 4.038 - 1.250 ) 
    Source Clock Delay      (SCD):    3.045ns
    Clock Pessimism Removal (CPR):    0.251ns
  Clock Uncertainty:      0.035ns  ((TSJ^2 + TIJ^2)^1/2 + DJ) / 2 + PE
    Total System Jitter     (TSJ):    0.071ns
    Total Input Jitter      (TIJ):    0.000ns
    Discrete Jitter          (DJ):    0.000ns
    Phase Error              (PE):    0.000ns

    Location             Delay type                Incr(ns)  Path(ns)    Netlist Resource(s)
  -------------------------------------------------------------------    -------------------
                         (clock clk rise edge)        0.000     0.000 r  
                                                      0.000     0.000 r  clk (IN)
                         net (fo=425115, unset)       3.045     3.045    DUT/data_in_manager_i/clk
    SLICE_X190Y386       FDRE                                         r  DUT/data_in_manager_i/vw_total_bytes_r_reg[3]/C
  -------------------------------------------------------------------    -------------------
    SLICE_X190Y386       FDRE (Prop_CFF_SLICEL_C_Q)
                                                      0.079     3.124 r  DUT/data_in_manager_i/vw_total_bytes_r_reg[3]/Q
                         net (fo=5, estimated)        0.089     3.213    DUT/data_in_manager_i/vw_buffer_i/wr_ptr_r_reg[6]_0[3]
    SLICE_X190Y386       LUT6 (Prop_G6LUT_SLICEL_I1_O)
                                                      0.149     3.362 r  DUT/data_in_manager_i/vw_buffer_i/mem_data_r[511]_i_350/O
                         net (fo=79, estimated)       0.175     3.537    DUT/data_in_manager_i/vw_buffer_i/mem_data_r[511]_i_350_n_0
    SLICE_X188Y386       LUT3 (Prop_G6LUT_SLICEL_I2_O)
                                                      0.089     3.626 r  DUT/data_in_manager_i/vw_buffer_i/mem_data_r[511]_i_331/O
                         net (fo=54, estimated)       0.185     3.811    DUT/data_in_manager_i/vw_buffer_i/mem_data_r[511]_i_331_n_0
    SLICE_X188Y388       LUT6 (Prop_A6LUT_SLICEL_I2_O)
                                                      0.149     3.960 r  DUT/data_in_manager_i/vw_buffer_i/mem_data_r[927]_i_445/O
                         net (fo=31, estimated)       0.164     4.124    DUT/data_in_manager_i/vw_buffer_i/mem_data_r[927]_i_445_n_0
    SLICE_X187Y388       LUT6 (Prop_F6LUT_SLICEM_I4_O)
                                                      0.148     4.272 r  DUT/data_in_manager_i/vw_buffer_i/mem_data_r[927]_i_433/O
                         net (fo=28, estimated)       0.206     4.478    DUT/data_in_manager_i/vw_buffer_i/mem_data_r[927]_i_433_n_0
    SLICE_X186Y387       LUT6 (Prop_D6LUT_SLICEM_I0_O)
                                                      0.122     4.600 r  DUT/data_in_manager_i/vw_buffer_i/mem_data_r[927]_i_409/O
                         net (fo=49, estimated)       0.158     4.758    DUT/data_in_manager_i/vw_buffer_i/mem_data_r[927]_i_409_n_0
    SLICE_X185Y387       LUT3 (Prop_B6LUT_SLICEL_I1_O)
                                                      0.051     4.809 r  DUT/data_in_manager_i/vw_buffer_i/mem_data_r[927]_i_411/O
                         net (fo=88, estimated)       0.190     4.999    DUT/data_in_manager_i/vw_buffer_i/mem_data_r[927]_i_411_n_0
    SLICE_X185Y385       LUT6 (Prop_C6LUT_SLICEL_I0_O)
                                                      0.146     5.145 r  DUT/data_in_manager_i/vw_buffer_i/mem_data_r[927]_i_394/O
                         net (fo=54, estimated)       0.216     5.361    DUT/data_in_manager_i/vw_buffer_i/mem_data_r[927]_i_394_n_0
    SLICE_X186Y383       LUT6 (Prop_C6LUT_SLICEM_I5_O)
                                                      0.098     5.459 r  DUT/data_in_manager_i/vw_buffer_i/mem_data_r[927]_i_358/O
                         net (fo=65, estimated)       0.227     5.686    DUT/data_in_manager_i/vw_buffer_i/mem_data_r[927]_i_358_n_0
    SLICE_X187Y383       LUT6 (Prop_D6LUT_SLICEM_I2_O)
                                                      0.088     5.774 r  DUT/data_in_manager_i/vw_buffer_i/mem_data_r[71]_i_175/O
                         net (fo=58, estimated)       0.115     5.889    DUT/data_in_manager_i/vw_buffer_i/mem_data_r[71]_i_175_n_0
    SLICE_X187Y383       LUT6 (Prop_B6LUT_SLICEM_I0_O)
                                                      0.052     5.941 r  DUT/data_in_manager_i/vw_buffer_i/mem_data_r[927]_i_296/O
                         net (fo=65, estimated)       0.300     6.241    DUT/data_in_manager_i/vw_buffer_i/mem_data_r[927]_i_296_n_0
    SLICE_X189Y387       LUT5 (Prop_C6LUT_SLICEL_I4_O)
                                                      0.123     6.364 r  DUT/data_in_manager_i/vw_buffer_i/mem_data_r[927]_i_257/O
                         net (fo=111, estimated)      0.382     6.746    DUT/data_in_manager_i/vw_buffer_i/mem_data_r[927]_i_257_n_0
    SLICE_X192Y390       LUT6 (Prop_F6LUT_SLICEM_I0_O)
                                                      0.037     6.783 r  DUT/data_in_manager_i/vw_buffer_i/mem_data_r[927]_i_210/O
                         net (fo=2, estimated)        0.132     6.915    DUT/data_in_manager_i/vw_buffer_i/mem_data_r[927]_i_210_n_0
    SLICE_X193Y390       LUT6 (Prop_D6LUT_SLICEL_I5_O)
                                                      0.036     6.951 r  DUT/data_in_manager_i/vw_buffer_i/mem_data_r[927]_i_163/O
                         net (fo=42, estimated)       0.168     7.119    DUT/data_in_manager_i/vw_buffer_i/mem_data_r[927]_i_163_n_0
    SLICE_X194Y390       LUT6 (Prop_C6LUT_SLICEM_I4_O)
                                                      0.123     7.242 r  DUT/data_in_manager_i/vw_buffer_i/mem_data_r[927]_i_128/O
                         net (fo=135, estimated)      0.353     7.595    DUT/data_in_manager_i/vw_buffer_i/mem_data_r[927]_i_128_n_0
    SLICE_X196Y385       LUT6 (Prop_D6LUT_SLICEM_I2_O)
                                                      0.088     7.683 r  DUT/data_in_manager_i/vw_buffer_i/mem_data_r[847]_i_73/O
                         net (fo=60, estimated)       0.293     7.976    DUT/data_in_manager_i/vw_buffer_i/mem_data_r[847]_i_73_n_0
    SLICE_X197Y381       LUT6 (Prop_A6LUT_SLICEM_I3_O)
                                                      0.038     8.014 r  DUT/data_in_manager_i/vw_buffer_i/mem_data_r[127]_i_107/O
                         net (fo=42, estimated)       0.224     8.238    DUT/data_in_manager_i/vw_buffer_i/mem_data_r[127]_i_107_n_0
    SLICE_X197Y376       LUT6 (Prop_A6LUT_SLICEM_I5_O)
                                                      0.090     8.328 r  DUT/data_in_manager_i/vw_buffer_i/mem_data_r[127]_i_127/O
                         net (fo=19, estimated)       0.315     8.643    DUT/data_in_manager_i/vw_buffer_i/mem_data_r[127]_i_127_n_0
    SLICE_X200Y370       LUT6 (Prop_H6LUT_SLICEL_I4_O)
                                                      0.099     8.742 r  DUT/data_in_manager_i/vw_buffer_i/mem_data_r[127]_i_96/O
                         net (fo=13, estimated)       0.292     9.034    DUT/data_in_manager_i/vw_buffer_i/mem_data_r[127]_i_96_n_0
    SLICE_X205Y370       LUT6 (Prop_D6LUT_SLICEM_I0_O)
                                                      0.088     9.122 r  DUT/data_in_manager_i/vw_buffer_i/mem_data_r[127]_i_75/O
                         net (fo=122, estimated)      0.316     9.438    DUT/data_in_manager_i/vw_buffer_i/mem_data_r[127]_i_75_n_0
    SLICE_X209Y372       LUT6 (Prop_H6LUT_SLICEL_I0_O)
                                                      0.099     9.537 r  DUT/data_in_manager_i/vw_buffer_i/mem_data_r[1023]_i_95/O
                         net (fo=55, estimated)       0.169     9.706    DUT/data_in_manager_i/vw_buffer_i/mem_data_r[1023]_i_95_n_0
    SLICE_X209Y375       LUT3 (Prop_B6LUT_SLICEL_I0_O)
                                                      0.036     9.742 r  DUT/data_in_manager_i/vw_buffer_i/mem_data_r[1015]_i_69/O
                         net (fo=5, estimated)        0.246     9.988    DUT/data_in_manager_i/vw_buffer_i/mem_data_r[1015]_i_69_n_0
    SLICE_X213Y372       LUT5 (Prop_A6LUT_SLICEL_I1_O)
                                                      0.124    10.112 r  DUT/data_in_manager_i/vw_buffer_i/mem_data_r[1015]_i_53/O
                         net (fo=88, estimated)       0.434    10.546    DUT/data_in_manager_i/vw_buffer_i/mem_data_r[1015]_i_53_n_0
    SLICE_X216Y381       LUT3 (Prop_A6LUT_SLICEM_I1_O)
                                                      0.053    10.599 r  DUT/data_in_manager_i/vw_buffer_i/mem_data_r[1023]_i_54/O
                         net (fo=4, estimated)        0.201    10.800    DUT/data_in_manager_i/vw_buffer_i/mem_data_r[1023]_i_54_n_0
    SLICE_X216Y385       LUT6 (Prop_B6LUT_SLICEM_I5_O)
                                                      0.052    10.852 r  DUT/data_in_manager_i/vw_buffer_i/mem_data_r[519]_i_26/O
                         net (fo=21, estimated)       0.337    11.189    DUT/data_in_manager_i/vw_buffer_i/mem_data_r[519]_i_26_n_0
    SLICE_X219Y389       LUT5 (Prop_E6LUT_SLICEL_I1_O)
                                                      0.035    11.224 r  DUT/data_in_manager_i/vw_buffer_i/mem_data_r[519]_i_32/O
                         net (fo=96, estimated)       0.283    11.507    DUT/data_in_manager_i/vw_buffer_i/mem_data_r[519]_i_32_n_0
    SLICE_X220Y392       LUT5 (Prop_C6LUT_SLICEM_I4_O)
                                                      0.051    11.558 f  DUT/data_in_manager_i/vw_buffer_i/mem_data_r[127]_i_43/O
                         net (fo=32, estimated)       0.697    12.255    DUT/data_in_manager_i/vw_buffer_i/mem_data_r[127]_i_43_n_0
    SLICE_X224Y402       LUT3 (Prop_C6LUT_SLICEL_I0_O)
                                                      0.050    12.305 f  DUT/data_in_manager_i/vw_buffer_i/mem_data_r[31]_i_13/O
                         net (fo=12, estimated)       0.614    12.919    DUT/data_in_manager_i/vw_buffer_i/mem_data_r[31]_i_13_n_0
    SLICE_X220Y398       LUT2 (Prop_E5LUT_SLICEM_I1_O)
                                                      0.139    13.058 r  DUT/data_in_manager_i/vw_buffer_i/mem_data_r[575]_i_18/O
                         net (fo=2, estimated)        0.363    13.421    DUT/data_in_manager_i/vw_buffer_i/mem_data_r[575]_i_18_n_0
    SLICE_X218Y393       LUT6 (Prop_C6LUT_SLICEL_I3_O)
                                                      0.088    13.509 r  DUT/data_in_manager_i/vw_buffer_i/mem_data_r[63]_i_6/O
                         net (fo=1, estimated)        0.214    13.723    DUT/data_in_manager_i/vw_buffer_i/mem_data_r[63]_i_6_n_0
    SLICE_X216Y397       LUT6 (Prop_C6LUT_SLICEM_I5_O)
                                                      0.037    13.760 r  DUT/data_in_manager_i/vw_buffer_i/mem_data_r[63]_i_3/O
                         net (fo=1, estimated)        0.099    13.859    DUT/data_in_manager_i/vw_buffer_i/mem_data_r[63]_i_3_n_0
    SLICE_X214Y397       LUT6 (Prop_D6LUT_SLICEM_I2_O)
                                                      0.088    13.947 r  DUT/data_in_manager_i/vw_buffer_i/mem_data_r[63]_i_1__0/O
                         net (fo=1, routed)           0.072    14.019    DUT/data_in_manager_i/vw_buffer_i/mem_data_r[63]_i_1__0_n_0
    SLICE_X214Y397       FDRE                                         r  DUT/data_in_manager_i/vw_buffer_i/mem_data_r_reg[63]/D
  -------------------------------------------------------------------    -------------------

                         (clock clk rise edge)        1.250     1.250 r  
                                                      0.000     1.250 r  clk (IN)
                         net (fo=425115, unset)       2.788     4.038    DUT/data_in_manager_i/vw_buffer_i/clk
    SLICE_X214Y397       FDRE                                         r  DUT/data_in_manager_i/vw_buffer_i/mem_data_r_reg[63]/C
                         clock pessimism              0.251     4.289    
                         clock uncertainty           -0.035     4.254    
    SLICE_X214Y397       FDRE (Setup_DFF_SLICEM_C_D)
                                                      0.025     4.279    DUT/data_in_manager_i/vw_buffer_i/mem_data_r_reg[63]
  -------------------------------------------------------------------
                         required time                          4.279    
                         arrival time                         -14.019    
  -------------------------------------------------------------------
                         slack                                 -9.740    





Min Delay Paths
--------------------------------------------------------------------------------------
Slack (VIOLATED) :        -0.156ns  (arrival time - required time)
  Source:                 DUT/bnn_main/g_layers[0].u_layer/gen_np_mems[235].u_w_ram/rd_data_ram_reg[124]/C
                            (rising edge-triggered cell FDRE clocked by clk  {rise@0.000ns fall@0.625ns period=1.250ns})
  Destination:            DUT/bnn_main/g_layers[0].u_layer/gen_np_mems[235].u_w_ram/l_read_first.l_reg_rd_data.rd_data_reg[124]/D
                            (rising edge-triggered cell FDRE clocked by clk  {rise@0.000ns fall@0.625ns period=1.250ns})
  Path Group:             clk
  Path Type:              Hold (Min at Slow Process Corner)
  Requirement:            0.000ns  (clk rise@0.000ns - clk rise@0.000ns)
  Data Path Delay:        0.154ns  (logic 0.060ns (38.961%)  route 0.094ns (61.039%))
  Logic Levels:           0  
  Clock Path Skew:        0.250ns (DCD - SCD - CPR)
    Destination Clock Delay (DCD):    3.065ns
    Source Clock Delay      (SCD):    2.700ns
    Clock Pessimism Removal (CPR):    0.115ns

    Location             Delay type                Incr(ns)  Path(ns)    Netlist Resource(s)
  -------------------------------------------------------------------    -------------------
                         (clock clk rise edge)        0.000     0.000 r  
                                                      0.000     0.000 r  clk (IN)
                         net (fo=425115, unset)       2.700     2.700    DUT/bnn_main/g_layers[0].u_layer/gen_np_mems[235].u_w_ram/clk
    SLICE_X196Y299       FDRE                                         r  DUT/bnn_main/g_layers[0].u_layer/gen_np_mems[235].u_w_ram/rd_data_ram_reg[124]/C
  -------------------------------------------------------------------    -------------------
    SLICE_X196Y299       FDRE (Prop_GFF2_SLICEM_C_Q)
                                                      0.060     2.760 r  DUT/bnn_main/g_layers[0].u_layer/gen_np_mems[235].u_w_ram/rd_data_ram_reg[124]/Q
                         net (fo=1, estimated)        0.094     2.854    DUT/bnn_main/g_layers[0].u_layer/gen_np_mems[235].u_w_ram/rd_data_ram_reg_n_0_[124]
    SLICE_X196Y300       FDRE                                         r  DUT/bnn_main/g_layers[0].u_layer/gen_np_mems[235].u_w_ram/l_read_first.l_reg_rd_data.rd_data_reg[124]/D
  -------------------------------------------------------------------    -------------------

                         (clock clk rise edge)        0.000     0.000 r  
                                                      0.000     0.000 r  clk (IN)
                         net (fo=425115, unset)       3.065     3.065    DUT/bnn_main/g_layers[0].u_layer/gen_np_mems[235].u_w_ram/clk
    SLICE_X196Y300       FDRE                                         r  DUT/bnn_main/g_layers[0].u_layer/gen_np_mems[235].u_w_ram/l_read_first.l_reg_rd_data.rd_data_reg[124]/C
                         clock pessimism             -0.115     2.950    
    SLICE_X196Y300       FDRE (Hold_EFF_SLICEM_C_D)
                                                      0.060     3.010    DUT/bnn_main/g_layers[0].u_layer/gen_np_mems[235].u_w_ram/l_read_first.l_reg_rd_data.rd_data_reg[124]
  -------------------------------------------------------------------
                         required time                         -3.010    
                         arrival time                           2.854    
  -------------------------------------------------------------------
                         slack                                 -0.156    





Pulse Width Checks
--------------------------------------------------------------------------------------
Clock Name:         clk
Waveform(ns):       { 0.000 0.625 }
Period(ns):         1.250
Sources:            { clk }

Check Type        Corner  Lib Pin     Reference Pin  Required(ns)  Actual(ns)  Slack(ns)  Location        Pin
Min Period        n/a     SRL16E/CLK  n/a            1.064         1.250       0.186      SLICE_X133Y235  DUT/argmax_inst/l_recurse.l_delay.delay_idx_r_reg[0][0]_srl2/CLK
Low Pulse Width   Slow    SRL16E/CLK  n/a            0.532         0.625       0.093      SLICE_X133Y235  DUT/argmax_inst/l_recurse.l_delay.delay_idx_r_reg[0][0]_srl2/CLK
High Pulse Width  Slow    SRL16E/CLK  n/a            0.532         0.625       0.093      SLICE_X133Y235  DUT/argmax_inst/l_recurse.l_delay.delay_idx_r_reg[0][0]_srl2/CLK



