Copyright 1986-2022 Xilinx, Inc. All Rights Reserved. Copyright 2022-2024 Advanced Micro Devices, Inc. All Rights Reserved.
--------------------------------------------------------------------------------------------------------------------------------------------------
| Tool Version      : Vivado v.2024.2 (win64) Build 5239630 Fri Nov 08 22:35:27 MST 2024
| Date              : Wed Apr 15 21:22:24 2026
| Host              : Acey running 64-bit major release  (build 9200)
| Command           : report_timing_summary -file ./outputs/post_route_timing_summary.rpt
| Design            : bnn_fcc_timing
| Device            : xcu250-figd2104
| Speed File        : -2L  PRODUCTION 1.28 03-30-2022
| Design State      : Routed
| Temperature Grade : E
--------------------------------------------------------------------------------------------------------------------------------------------------

Timing Summary Report

------------------------------------------------------------------------------------------------
| Timer Settings
| --------------
------------------------------------------------------------------------------------------------

  Enable Multi Corner Analysis               :  Yes
  Enable Pessimism Removal                   :  Yes
  Pessimism Removal Resolution               :  Nearest Common Node
  Enable Input Delay Default Clock           :  No
  Enable Preset / Clear Arcs                 :  No
  Disable Flight Delays                      :  No
  Ignore I/O Paths                           :  No
  Timing Early Launch at Borrowing Latches   :  No
  Borrow Time for Max Delay Exceptions       :  Yes
  Merge Timing Exceptions                    :  Yes
  Inter-SLR Compensation                     :  Conservative

  Corner  Analyze    Analyze    
  Name    Max Paths  Min Paths  
  ------  ---------  ---------  
  Slow    Yes        Yes        
  Fast    Yes        Yes        


------------------------------------------------------------------------------------------------
| Report Methodology
| ------------------
------------------------------------------------------------------------------------------------

Rule       Severity  Description                    Violations  
---------  --------  -----------------------------  ----------  
TIMING-18  Warning   Missing input or output delay  161         

Note: This report is based on the most recent report_methodology run and may not be up-to-date. Run report_methodology on the current design for the latest report.



check_timing report

Table of Contents
-----------------
1. checking no_clock (0)
2. checking constant_clock (0)
3. checking pulse_width_clock (0)
4. checking unconstrained_internal_endpoints (0)
5. checking no_input_delay (94)
6. checking no_output_delay (7)
7. checking multiple_clock (0)
8. checking generated_clocks (0)
9. checking loops (0)
10. checking partial_input_delay (0)
11. checking partial_output_delay (0)
12. checking latch_loops (0)

1. checking no_clock (0)
------------------------
 There are 0 register/latch pins with no clock.


2. checking constant_clock (0)
------------------------------
 There are 0 register/latch pins with constant_clock.


3. checking pulse_width_clock (0)
---------------------------------
 There are 0 register/latch pins which need pulse_width check


4. checking unconstrained_internal_endpoints (0)
------------------------------------------------
 There are 0 pins that are not constrained for maximum delay.

 There are 0 pins that are not constrained for maximum delay due to constant clock.


5. checking no_input_delay (94)
-------------------------------
 There are 94 input ports with no input delay specified. (HIGH)

 There are 0 input ports with no input delay but user has a false path constraint.


6. checking no_output_delay (7)
-------------------------------
 There are 7 ports with no output delay specified. (HIGH)

 There are 0 ports with no output delay but user has a false path constraint

 There are 0 ports with no output delay but with a timing clock defined on it or propagating through it


7. checking multiple_clock (0)
------------------------------
 There are 0 register/latch pins with multiple clocks.


8. checking generated_clocks (0)
--------------------------------
 There are 0 generated clocks that are not connected to a clock source.


9. checking loops (0)
---------------------
 There are 0 combinational loops in the design.


10. checking partial_input_delay (0)
------------------------------------
 There are 0 input ports with partial input delay specified.


11. checking partial_output_delay (0)
-------------------------------------
 There are 0 ports with partial output delay specified.


12. checking latch_loops (0)
----------------------------
 There are 0 combinational latch loops in the design through latch input



------------------------------------------------------------------------------------------------
| Design Timing Summary
| ---------------------
------------------------------------------------------------------------------------------------

    WNS(ns)      TNS(ns)  TNS Failing Endpoints  TNS Total Endpoints      WHS(ns)      THS(ns)  THS Failing Endpoints  THS Total Endpoints     WPWS(ns)     TPWS(ns)  TPWS Failing Endpoints  TPWS Total Endpoints  
    -------      -------  ---------------------  -------------------      -------      -------  ---------------------  -------------------     --------     --------  ----------------------  --------------------  
     -0.666   -11498.904                  53973               124181        0.010        0.000                      0               124181       -0.064     -665.344                   10396                 53731  


Timing constraints are not met.


------------------------------------------------------------------------------------------------
| Clock Summary
| -------------
------------------------------------------------------------------------------------------------

Clock  Waveform(ns)         Period(ns)      Frequency(MHz)
-----  ------------         ----------      --------------
clk    {0.000 0.500}        1.000           1000.000        


------------------------------------------------------------------------------------------------
| Intra Clock Table
| -----------------
------------------------------------------------------------------------------------------------

Clock             WNS(ns)      TNS(ns)  TNS Failing Endpoints  TNS Total Endpoints      WHS(ns)      THS(ns)  THS Failing Endpoints  THS Total Endpoints     WPWS(ns)     TPWS(ns)  TPWS Failing Endpoints  TPWS Total Endpoints  
-----             -------      -------  ---------------------  -------------------      -------      -------  ---------------------  -------------------     --------     --------  ----------------------  --------------------  
clk                -0.666   -11498.904                  53973               124181        0.010        0.000                      0               124181       -0.064     -665.344                   10396                 53731  


------------------------------------------------------------------------------------------------
| Inter Clock Table
| -----------------
------------------------------------------------------------------------------------------------

From Clock    To Clock          WNS(ns)      TNS(ns)  TNS Failing Endpoints  TNS Total Endpoints      WHS(ns)      THS(ns)  THS Failing Endpoints  THS Total Endpoints  
----------    --------          -------      -------  ---------------------  -------------------      -------      -------  ---------------------  -------------------  


------------------------------------------------------------------------------------------------
| Other Path Groups Table
| -----------------------
------------------------------------------------------------------------------------------------

Path Group    From Clock    To Clock          WNS(ns)      TNS(ns)  TNS Failing Endpoints  TNS Total Endpoints      WHS(ns)      THS(ns)  THS Failing Endpoints  THS Total Endpoints  
----------    ----------    --------          -------      -------  ---------------------  -------------------      -------      -------  ---------------------  -------------------  


------------------------------------------------------------------------------------------------
| Timing Details
| --------------
------------------------------------------------------------------------------------------------


---------------------------------------------------------------------------------------------------
From Clock:  clk
  To Clock:  clk

Setup :        53973  Failing Endpoints,  Worst Slack       -0.666ns,  Total Violation   -11498.904ns
Hold  :            0  Failing Endpoints,  Worst Slack        0.010ns,  Total Violation        0.000ns
PW    :        10396  Failing Endpoints,  Worst Slack       -0.064ns,  Total Violation     -665.344ns
---------------------------------------------------------------------------------------------------


Max Delay Paths
--------------------------------------------------------------------------------------
Slack (VIOLATED) :        -0.666ns  (required time - arrival time)
  Source:                 DUT/bnn_main/g_layers[0].u_layer/u_input_buffer/wr_idx_r_reg[3]/C
                            (rising edge-triggered cell FDRE clocked by clk  {rise@0.000ns fall@0.500ns period=1.000ns})
  Destination:            DUT/bnn_main/g_layers[0].u_layer/u_input_buffer/mem_reg[0][7][12]/CE
                            (rising edge-triggered cell FDRE clocked by clk  {rise@0.000ns fall@0.500ns period=1.000ns})
  Path Group:             clk
  Path Type:              Setup (Max at Slow Process Corner)
  Requirement:            1.000ns  (clk rise@1.000ns - clk rise@0.000ns)
  Data Path Delay:        1.486ns  (logic 0.326ns (21.942%)  route 1.160ns (78.058%))
  Logic Levels:           2  (LUT2=1 LUT6=1)
  Clock Path Skew:        -0.084ns (DCD - SCD + CPR)
    Destination Clock Delay (DCD):    1.772ns = ( 2.772 - 1.000 ) 
    Source Clock Delay      (SCD):    2.012ns
    Clock Pessimism Removal (CPR):    0.156ns
  Clock Uncertainty:      0.035ns  ((TSJ^2 + TIJ^2)^1/2 + DJ) / 2 + PE
    Total System Jitter     (TSJ):    0.071ns
    Total Input Jitter      (TIJ):    0.000ns
    Discrete Jitter          (DJ):    0.000ns
    Phase Error              (PE):    0.000ns

    Location             Delay type                Incr(ns)  Path(ns)    Netlist Resource(s)
  -------------------------------------------------------------------    -------------------
                         (clock clk rise edge)        0.000     0.000 r  
                                                      0.000     0.000 r  clk (IN)
                         net (fo=53730, unset)        2.012     2.012    DUT/bnn_main/g_layers[0].u_layer/u_input_buffer/clk
    SLICE_X95Y87         FDRE                                         r  DUT/bnn_main/g_layers[0].u_layer/u_input_buffer/wr_idx_r_reg[3]/C
  -------------------------------------------------------------------    -------------------
    SLICE_X95Y87         FDRE (Prop_AFF_SLICEM_C_Q)
                                                      0.077     2.089 f  DUT/bnn_main/g_layers[0].u_layer/u_input_buffer/wr_idx_r_reg[3]/Q
                         net (fo=31, routed)          0.125     2.214    DUT/bnn_main/g_layers[0].u_layer/u_input_buffer/wr_idx_r[3]
    SLICE_X95Y85         LUT2 (Prop_B6LUT_SLICEM_I1_O)
                                                      0.125     2.339 r  DUT/bnn_main/g_layers[0].u_layer/u_input_buffer/mem[1][0][31]_i_2/O
                         net (fo=16, routed)          0.435     2.775    DUT/bnn_main/g_layers[0].u_layer/u_input_buffer/mem[1][0][31]_i_2_n_0
    SLICE_X89Y85         LUT6 (Prop_B6LUT_SLICEL_I2_O)
                                                      0.124     2.899 r  DUT/bnn_main/g_layers[0].u_layer/u_input_buffer/mem[0][7][31]_i_1/O
                         net (fo=32, routed)          0.599     3.498    DUT/bnn_main/g_layers[0].u_layer/u_input_buffer/mem[0][7][31]_i_1_n_0
    SLICE_X97Y82         FDRE                                         r  DUT/bnn_main/g_layers[0].u_layer/u_input_buffer/mem_reg[0][7][12]/CE
  -------------------------------------------------------------------    -------------------

                         (clock clk rise edge)        1.000     1.000 r  
                                                      0.000     1.000 r  clk (IN)
                         net (fo=53730, unset)        1.772     2.772    DUT/bnn_main/g_layers[0].u_layer/u_input_buffer/clk
    SLICE_X97Y82         FDRE                                         r  DUT/bnn_main/g_layers[0].u_layer/u_input_buffer/mem_reg[0][7][12]/C
                         clock pessimism              0.156     2.928    
                         clock uncertainty           -0.035     2.893    
    SLICE_X97Y82         FDRE (Setup_HFF_SLICEM_C_CE)
                                                     -0.061     2.832    DUT/bnn_main/g_layers[0].u_layer/u_input_buffer/mem_reg[0][7][12]
  -------------------------------------------------------------------
                         required time                          2.832    
                         arrival time                          -3.498    
  -------------------------------------------------------------------
                         slack                                 -0.666    





Min Delay Paths
--------------------------------------------------------------------------------------
Slack (MET) :             0.010ns  (arrival time - required time)
  Source:                 DUT/bnn_main/g_layers[0].u_layer/gen_np_mems[32].u_w_ram/rd_data_ram_reg[29]/C
                            (rising edge-triggered cell FDRE clocked by clk  {rise@0.000ns fall@0.500ns period=1.000ns})
  Destination:            DUT/bnn_main/g_layers[0].u_layer/gen_np_mems[32].u_w_ram/l_read_first.l_reg_rd_data.rd_data_reg[29]/D
                            (rising edge-triggered cell FDRE clocked by clk  {rise@0.000ns fall@0.500ns period=1.000ns})
  Path Group:             clk
  Path Type:              Hold (Min at Slow Process Corner)
  Requirement:            0.000ns  (clk rise@0.000ns - clk rise@0.000ns)
  Data Path Delay:        0.134ns  (logic 0.059ns (44.030%)  route 0.075ns (55.970%))
  Logic Levels:           0  
  Clock Path Skew:        0.062ns (DCD - SCD - CPR)
    Destination Clock Delay (DCD):    2.034ns
    Source Clock Delay      (SCD):    1.778ns
    Clock Pessimism Removal (CPR):    0.194ns

    Location             Delay type                Incr(ns)  Path(ns)    Netlist Resource(s)
  -------------------------------------------------------------------    -------------------
                         (clock clk rise edge)        0.000     0.000 r  
                                                      0.000     0.000 r  clk (IN)
                         net (fo=53730, unset)        1.778     1.778    DUT/bnn_main/g_layers[0].u_layer/gen_np_mems[32].u_w_ram/clk
    SLICE_X96Y24         FDRE                                         r  DUT/bnn_main/g_layers[0].u_layer/gen_np_mems[32].u_w_ram/rd_data_ram_reg[29]/C
  -------------------------------------------------------------------    -------------------
    SLICE_X96Y24         FDRE (Prop_GFF_SLICEL_C_Q)
                                                      0.059     1.837 r  DUT/bnn_main/g_layers[0].u_layer/gen_np_mems[32].u_w_ram/rd_data_ram_reg[29]/Q
                         net (fo=1, routed)           0.075     1.912    DUT/bnn_main/g_layers[0].u_layer/gen_np_mems[32].u_w_ram/rd_data_ram_reg_n_0_[29]
    SLICE_X96Y22         FDRE                                         r  DUT/bnn_main/g_layers[0].u_layer/gen_np_mems[32].u_w_ram/l_read_first.l_reg_rd_data.rd_data_reg[29]/D
  -------------------------------------------------------------------    -------------------

                         (clock clk rise edge)        0.000     0.000 r  
                                                      0.000     0.000 r  clk (IN)
                         net (fo=53730, unset)        2.034     2.034    DUT/bnn_main/g_layers[0].u_layer/gen_np_mems[32].u_w_ram/clk
    SLICE_X96Y22         FDRE                                         r  DUT/bnn_main/g_layers[0].u_layer/gen_np_mems[32].u_w_ram/l_read_first.l_reg_rd_data.rd_data_reg[29]/C
                         clock pessimism             -0.194     1.840    
    SLICE_X96Y22         FDRE (Hold_EFF2_SLICEL_C_D)
                                                      0.062     1.902    DUT/bnn_main/g_layers[0].u_layer/gen_np_mems[32].u_w_ram/l_read_first.l_reg_rd_data.rd_data_reg[29]
  -------------------------------------------------------------------
                         required time                         -1.902    
                         arrival time                           1.912    
  -------------------------------------------------------------------
                         slack                                  0.010    





Pulse Width Checks
--------------------------------------------------------------------------------------
Clock Name:         clk
Waveform(ns):       { 0.000 0.500 }
Period(ns):         1.000
Sources:            { clk }

Check Type        Corner  Lib Pin     Reference Pin  Required(ns)  Actual(ns)  Slack(ns)  Location       Pin
Min Period        n/a     SRL16E/CLK  n/a            1.064         1.000       -0.064     SLICE_X77Y116  DUT/argmax_inst/l_recurse.l_delay.delay_idx_r_reg[0][0]_srl2/CLK
Low Pulse Width   Slow    SRL16E/CLK  n/a            0.532         0.500       -0.032     SLICE_X77Y116  DUT/argmax_inst/l_recurse.l_delay.delay_idx_r_reg[0][0]_srl2/CLK
High Pulse Width  Slow    SRL16E/CLK  n/a            0.532         0.500       -0.032     SLICE_X77Y116  DUT/argmax_inst/l_recurse.l_delay.delay_idx_r_reg[0][0]_srl2/CLK



