Copyright 1986-2022 Xilinx, Inc. All Rights Reserved. Copyright 2022-2024 Advanced Micro Devices, Inc. All Rights Reserved.
--------------------------------------------------------------------------------------------------------------------------------------------------
| Tool Version      : Vivado v.2024.2 (win64) Build 5239630 Fri Nov 08 22:35:27 MST 2024
| Date              : Thu Apr 16 01:36:44 2026
| Host              : Acey running 64-bit major release  (build 9200)
| Command           : report_timing_summary -file ./outputs/post_place_timing_summary.rpt
| Design            : bnn_fcc_timing
| Device            : xcu250-figd2104
| Speed File        : -2L  PRODUCTION 1.28 03-30-2022
| Design State      : Physopt postPlace
| Temperature Grade : E
--------------------------------------------------------------------------------------------------------------------------------------------------

Timing Summary Report

------------------------------------------------------------------------------------------------
| Timer Settings
| --------------
------------------------------------------------------------------------------------------------

  Enable Multi Corner Analysis               :  Yes
  Enable Pessimism Removal                   :  Yes
  Pessimism Removal Resolution               :  Nearest Common Node
  Enable Input Delay Default Clock           :  No
  Enable Preset / Clear Arcs                 :  No
  Disable Flight Delays                      :  No
  Ignore I/O Paths                           :  No
  Timing Early Launch at Borrowing Latches   :  No
  Borrow Time for Max Delay Exceptions       :  Yes
  Merge Timing Exceptions                    :  Yes
  Inter-SLR Compensation                     :  Conservative

  Corner  Analyze    Analyze    
  Name    Max Paths  Min Paths  
  ------  ---------  ---------  
  Slow    Yes        Yes        
  Fast    Yes        Yes        


------------------------------------------------------------------------------------------------
| Report Methodology
| ------------------
------------------------------------------------------------------------------------------------

Rule       Severity  Description                              Violations  
---------  --------  ---------------------------------------  ----------  
SYNTH-4    Warning   Shallow depth for a dedicated block RAM  10          
TIMING-18  Warning   Missing input or output delay            161         

Note: This report is based on the most recent report_methodology run and may not be up-to-date. Run report_methodology on the current design for the latest report.



check_timing report

Table of Contents
-----------------
1. checking no_clock (0)
2. checking constant_clock (0)
3. checking pulse_width_clock (0)
4. checking unconstrained_internal_endpoints (0)
5. checking no_input_delay (94)
6. checking no_output_delay (7)
7. checking multiple_clock (0)
8. checking generated_clocks (0)
9. checking loops (0)
10. checking partial_input_delay (0)
11. checking partial_output_delay (0)
12. checking latch_loops (0)

1. checking no_clock (0)
------------------------
 There are 0 register/latch pins with no clock.


2. checking constant_clock (0)
------------------------------
 There are 0 register/latch pins with constant_clock.


3. checking pulse_width_clock (0)
---------------------------------
 There are 0 register/latch pins which need pulse_width check


4. checking unconstrained_internal_endpoints (0)
------------------------------------------------
 There are 0 pins that are not constrained for maximum delay.

 There are 0 pins that are not constrained for maximum delay due to constant clock.


5. checking no_input_delay (94)
-------------------------------
 There are 94 input ports with no input delay specified. (HIGH)

 There are 0 input ports with no input delay but user has a false path constraint.


6. checking no_output_delay (7)
-------------------------------
 There are 7 ports with no output delay specified. (HIGH)

 There are 0 ports with no output delay but user has a false path constraint

 There are 0 ports with no output delay but with a timing clock defined on it or propagating through it


7. checking multiple_clock (0)
------------------------------
 There are 0 register/latch pins with multiple clocks.


8. checking generated_clocks (0)
--------------------------------
 There are 0 generated clocks that are not connected to a clock source.


9. checking loops (0)
---------------------
 There are 0 combinational loops in the design.


10. checking partial_input_delay (0)
------------------------------------
 There are 0 input ports with partial input delay specified.


11. checking partial_output_delay (0)
-------------------------------------
 There are 0 ports with partial output delay specified.


12. checking latch_loops (0)
----------------------------
 There are 0 combinational latch loops in the design through latch input



------------------------------------------------------------------------------------------------
| Design Timing Summary
| ---------------------
------------------------------------------------------------------------------------------------

    WNS(ns)      TNS(ns)  TNS Failing Endpoints  TNS Total Endpoints      WHS(ns)      THS(ns)  THS Failing Endpoints  THS Total Endpoints     WPWS(ns)     TPWS(ns)  TPWS Failing Endpoints  TPWS Total Endpoints  
    -------      -------  ---------------------  -------------------      -------      -------  ---------------------  -------------------     --------     --------  ----------------------  --------------------  
     -0.434    -1108.388                   9970                57407       -0.109      -13.456                    550                57407       -0.569     -297.524                    2976                 36197  


Timing constraints are not met.


------------------------------------------------------------------------------------------------
| Clock Summary
| -------------
------------------------------------------------------------------------------------------------

Clock  Waveform(ns)         Period(ns)      Frequency(MHz)
-----  ------------         ----------      --------------
clk    {0.000 0.500}        1.000           1000.000        


------------------------------------------------------------------------------------------------
| Intra Clock Table
| -----------------
------------------------------------------------------------------------------------------------

Clock             WNS(ns)      TNS(ns)  TNS Failing Endpoints  TNS Total Endpoints      WHS(ns)      THS(ns)  THS Failing Endpoints  THS Total Endpoints     WPWS(ns)     TPWS(ns)  TPWS Failing Endpoints  TPWS Total Endpoints  
-----             -------      -------  ---------------------  -------------------      -------      -------  ---------------------  -------------------     --------     --------  ----------------------  --------------------  
clk                -0.434    -1108.388                   9970                57407       -0.109      -13.456                    550                57407       -0.569     -297.524                    2976                 36197  


------------------------------------------------------------------------------------------------
| Inter Clock Table
| -----------------
------------------------------------------------------------------------------------------------

From Clock    To Clock          WNS(ns)      TNS(ns)  TNS Failing Endpoints  TNS Total Endpoints      WHS(ns)      THS(ns)  THS Failing Endpoints  THS Total Endpoints  
----------    --------          -------      -------  ---------------------  -------------------      -------      -------  ---------------------  -------------------  


------------------------------------------------------------------------------------------------
| Other Path Groups Table
| -----------------------
------------------------------------------------------------------------------------------------

Path Group    From Clock    To Clock          WNS(ns)      TNS(ns)  TNS Failing Endpoints  TNS Total Endpoints      WHS(ns)      THS(ns)  THS Failing Endpoints  THS Total Endpoints  
----------    ----------    --------          -------      -------  ---------------------  -------------------      -------      -------  ---------------------  -------------------  


------------------------------------------------------------------------------------------------
| Timing Details
| --------------
------------------------------------------------------------------------------------------------


---------------------------------------------------------------------------------------------------
From Clock:  clk
  To Clock:  clk

Setup :         9970  Failing Endpoints,  Worst Slack       -0.434ns,  Total Violation    -1108.388ns
Hold  :          550  Failing Endpoints,  Worst Slack       -0.109ns,  Total Violation      -13.456ns
PW    :         2976  Failing Endpoints,  Worst Slack       -0.569ns,  Total Violation     -297.524ns
---------------------------------------------------------------------------------------------------


Max Delay Paths
--------------------------------------------------------------------------------------
Slack (VIOLATED) :        -0.434ns  (required time - arrival time)
  Source:                 DUT/bnn_main/g_layers[2].u_layer/u_input_buffer/bank_full_r_reg[0]_replica_2/C
                            (rising edge-triggered cell FDRE clocked by clk  {rise@0.000ns fall@0.500ns period=1.000ns})
  Destination:            DUT/bnn_main/g_layers[1].u_layer/u_input_buffer/bank0_i/gen_depthn.shreg_r_reg[253]_srl4/CE
                            (rising edge-triggered cell SRL16E clocked by clk  {rise@0.000ns fall@0.500ns period=1.000ns})
  Path Group:             clk
  Path Type:              Setup (Max at Slow Process Corner)
  Requirement:            1.000ns  (clk rise@1.000ns - clk rise@0.000ns)
  Data Path Delay:        1.148ns  (logic 0.332ns (28.920%)  route 0.816ns (71.080%))
  Logic Levels:           4  (LUT2=1 LUT4=1 LUT5=1 LUT6=1)
  Clock Path Skew:        -0.071ns (DCD - SCD + CPR)
    Destination Clock Delay (DCD):    1.541ns = ( 2.541 - 1.000 ) 
    Source Clock Delay      (SCD):    1.744ns
    Clock Pessimism Removal (CPR):    0.132ns
  Clock Uncertainty:      0.035ns  ((TSJ^2 + TIJ^2)^1/2 + DJ) / 2 + PE
    Total System Jitter     (TSJ):    0.071ns
    Total Input Jitter      (TIJ):    0.000ns
    Discrete Jitter          (DJ):    0.000ns
    Phase Error              (PE):    0.000ns

    Location             Delay type                Incr(ns)  Path(ns)    Netlist Resource(s)
  -------------------------------------------------------------------    -------------------
                         (clock clk rise edge)        0.000     0.000 r  
                                                      0.000     0.000 r  clk (IN)
                         net (fo=36196, unset)        1.744     1.744    DUT/bnn_main/g_layers[2].u_layer/u_input_buffer/clk
    SLICE_X131Y84        FDRE                                         r  DUT/bnn_main/g_layers[2].u_layer/u_input_buffer/bank_full_r_reg[0]_replica_2/C
  -------------------------------------------------------------------    -------------------
    SLICE_X131Y84        FDRE (Prop_DFF_SLICEL_C_Q)
                                                      0.079     1.823 f  DUT/bnn_main/g_layers[2].u_layer/u_input_buffer/bank_full_r_reg[0]_replica_2/Q
                         net (fo=1, estimated)        0.110     1.933    DUT/bnn_main/g_layers[2].u_layer/u_input_buffer/bank_full_r[0]_repN_2
    SLICE_X131Y84        LUT6 (Prop_B6LUT_SLICEL_I0_O)
                                                      0.148     2.081 r  DUT/bnn_main/g_layers[2].u_layer/u_input_buffer/gen_np_mems[8].t_rd_addr_local_r[3]_i_3/O
                         net (fo=1, estimated)        0.041     2.122    DUT/bnn_main/g_layers[1].u_layer/u_input_buffer/ready_bus_2
    SLICE_X131Y84        LUT4 (Prop_F6LUT_SLICEL_I3_O)
                                                      0.035     2.157 r  DUT/bnn_main/g_layers[1].u_layer/u_input_buffer/gen_np_mems[8].t_rd_addr_local_r[3]_i_2/O
                         net (fo=7, estimated)        0.109     2.266    DUT/bnn_main/g_layers[1].u_layer/u_nc/valid_data_0
    SLICE_X131Y83        LUT2 (Prop_E6LUT_SLICEL_I1_O)
                                                      0.035     2.301 r  DUT/bnn_main/g_layers[1].u_layer/u_nc/gen_np_mems[8].t_rd_addr_local_r[3]_i_1/O
                         net (fo=292, estimated)      0.195     2.496    DUT/bnn_main/g_layers[1].u_layer/u_input_buffer/bank0_i/t_rd_en
    SLICE_X132Y83        LUT5 (Prop_F6LUT_SLICEL_I2_O)
                                                      0.035     2.531 r  DUT/bnn_main/g_layers[1].u_layer/u_input_buffer/bank0_i/gen_depthn.shreg_r_reg[255]_srl4_i_1__0/O
                         net (fo=64, estimated)       0.361     2.892    DUT/bnn_main/g_layers[1].u_layer/u_input_buffer/bank0_i/bank_shift_en_0
    SLICE_X137Y81        SRL16E                                       r  DUT/bnn_main/g_layers[1].u_layer/u_input_buffer/bank0_i/gen_depthn.shreg_r_reg[253]_srl4/CE
  -------------------------------------------------------------------    -------------------

                         (clock clk rise edge)        1.000     1.000 r  
                                                      0.000     1.000 r  clk (IN)
                         net (fo=36196, unset)        1.541     2.541    DUT/bnn_main/g_layers[1].u_layer/u_input_buffer/bank0_i/clk
    SLICE_X137Y81        SRL16E                                       r  DUT/bnn_main/g_layers[1].u_layer/u_input_buffer/bank0_i/gen_depthn.shreg_r_reg[253]_srl4/CLK
                         clock pessimism              0.132     2.673    
                         clock uncertainty           -0.035     2.638    
    SLICE_X137Y81        SRL16E (Setup_F5LUT_SLICEM_CLK_CE)
                                                     -0.180     2.458    DUT/bnn_main/g_layers[1].u_layer/u_input_buffer/bank0_i/gen_depthn.shreg_r_reg[253]_srl4
  -------------------------------------------------------------------
                         required time                          2.458    
                         arrival time                          -2.892    
  -------------------------------------------------------------------
                         slack                                 -0.434    





Min Delay Paths
--------------------------------------------------------------------------------------
Slack (VIOLATED) :        -0.109ns  (arrival time - required time)
  Source:                 DUT/bnn_main/g_layers[0].u_layer/gen_np_mems[25].u_t_ram/l_read_first.l_reg_rd_data.rd_data_reg[9]/C
                            (rising edge-triggered cell FDRE clocked by clk  {rise@0.000ns fall@0.500ns period=1.000ns})
  Destination:            DUT/bnn_main/g_layers[0].u_layer/gen_nps[25].u_np/u_threshold_delay/l_cycles_gt_0.reg_array[4].reg_array/l_normal.out_reg[9]_srl5___DUT_bnn_main_g_layers_r_3/D
                            (rising edge-triggered cell SRL16E clocked by clk  {rise@0.000ns fall@0.500ns period=1.000ns})
  Path Group:             clk
  Path Type:              Hold (Min at Slow Process Corner)
  Requirement:            0.000ns  (clk rise@0.000ns - clk rise@0.000ns)
  Data Path Delay:        0.140ns  (logic 0.057ns (40.714%)  route 0.083ns (59.286%))
  Logic Levels:           0  
  Clock Path Skew:        0.220ns (DCD - SCD - CPR)
    Destination Clock Delay (DCD):    1.929ns
    Source Clock Delay      (SCD):    1.640ns
    Clock Pessimism Removal (CPR):    0.069ns

    Location             Delay type                Incr(ns)  Path(ns)    Netlist Resource(s)
  -------------------------------------------------------------------    -------------------
                         (clock clk rise edge)        0.000     0.000 r  
                                                      0.000     0.000 r  clk (IN)
                         net (fo=36196, unset)        1.640     1.640    DUT/bnn_main/g_layers[0].u_layer/gen_np_mems[25].u_t_ram/clk
    SLICE_X162Y60        FDRE                                         r  DUT/bnn_main/g_layers[0].u_layer/gen_np_mems[25].u_t_ram/l_read_first.l_reg_rd_data.rd_data_reg[9]/C
  -------------------------------------------------------------------    -------------------
    SLICE_X162Y60        FDRE (Prop_FFF_SLICEM_C_Q)
                                                      0.057     1.697 r  DUT/bnn_main/g_layers[0].u_layer/gen_np_mems[25].u_t_ram/l_read_first.l_reg_rd_data.rd_data_reg[9]/Q
                         net (fo=1, estimated)        0.083     1.780    DUT/bnn_main/g_layers[0].u_layer/gen_nps[25].u_np/u_threshold_delay/l_cycles_gt_0.reg_array[4].reg_array/l_normal.out_reg[9]_DUT_bnn_main_g_layers_r_4[9]
    SLICE_X162Y59        SRL16E                                       r  DUT/bnn_main/g_layers[0].u_layer/gen_nps[25].u_np/u_threshold_delay/l_cycles_gt_0.reg_array[4].reg_array/l_normal.out_reg[9]_srl5___DUT_bnn_main_g_layers_r_3/D
  -------------------------------------------------------------------    -------------------

                         (clock clk rise edge)        0.000     0.000 r  
                                                      0.000     0.000 r  clk (IN)
                         net (fo=36196, unset)        1.929     1.929    DUT/bnn_main/g_layers[0].u_layer/gen_nps[25].u_np/u_threshold_delay/l_cycles_gt_0.reg_array[4].reg_array/clk
    SLICE_X162Y59        SRL16E                                       r  DUT/bnn_main/g_layers[0].u_layer/gen_nps[25].u_np/u_threshold_delay/l_cycles_gt_0.reg_array[4].reg_array/l_normal.out_reg[9]_srl5___DUT_bnn_main_g_layers_r_3/CLK
                         clock pessimism             -0.069     1.860    
    SLICE_X162Y59        SRL16E (Hold_F6LUT_SLICEM_CLK_D)
                                                      0.029     1.889    DUT/bnn_main/g_layers[0].u_layer/gen_nps[25].u_np/u_threshold_delay/l_cycles_gt_0.reg_array[4].reg_array/l_normal.out_reg[9]_srl5___DUT_bnn_main_g_layers_r_3
  -------------------------------------------------------------------
                         required time                         -1.889    
                         arrival time                           1.780    
  -------------------------------------------------------------------
                         slack                                 -0.109    





Pulse Width Checks
--------------------------------------------------------------------------------------
Clock Name:         clk
Waveform(ns):       { 0.000 0.500 }
Period(ns):         1.000
Sources:            { clk }

Check Type        Corner  Lib Pin             Reference Pin  Required(ns)  Actual(ns)  Slack(ns)  Location      Pin
Min Period        n/a     RAMB18E2/CLKARDCLK  n/a            1.569         1.000       -0.569     RAMB18_X9Y18  DUT/bnn_main/g_layers[0].u_layer/gen_np_mems[0].u_w_ram/ram_reg/CLKARDCLK
Low Pulse Width   Slow    RAMB18E2/CLKARDCLK  n/a            0.542         0.500       -0.042     RAMB18_X9Y18  DUT/bnn_main/g_layers[0].u_layer/gen_np_mems[0].u_w_ram/ram_reg/CLKARDCLK
High Pulse Width  Slow    RAMB18E2/CLKARDCLK  n/a            0.542         0.500       -0.042     RAMB18_X9Y18  DUT/bnn_main/g_layers[0].u_layer/gen_np_mems[0].u_w_ram/ram_reg/CLKARDCLK



