Copyright 1986-2022 Xilinx, Inc. All Rights Reserved. Copyright 2022-2024 Advanced Micro Devices, Inc. All Rights Reserved.
-----------------------------------------------------------------------------------------------------------------------------------------------------------------------------------
| Tool Version : Vivado v.2024.2 (win64) Build 5239630 Fri Nov 08 22:35:27 MST 2024
| Date         : Tue Apr 14 01:49:59 2026
| Host         : Acey running 64-bit major release  (build 9200)
| Command      : report_design_analysis -timing -logic_level_distribution -of_timing_paths [get_timing_paths -max_paths 10000 -slack_lesser_than 0] -file ./outputs/route_vios.rpt
| Design       : bnn_fcc_timing
| Device       : xcu250
| Design State : Fully Placed
-----------------------------------------------------------------------------------------------------------------------------------------------------------------------------------

Report Design Analysis

Table of Contents
-----------------
1. Path Characteristics 1-178
2. Logic Level Distribution

1. Path Characteristics 1-178
-----------------------------

+-----------+-------------+------------+-------------+------------+------------+--------+-------------------+--------------------+-------------------+--------------+--------+-------------------------------------------------------------------+-------------------+-----------------+-----------+---------------+--------------+---------------+---------+-------------+------------+------------+---------------------------+-------------------------+-------------------------------------+---------------------------------------+
|   Paths   | Requirement | Path Delay | Logic Delay |  Net Delay | Clock Skew |  Slack | Clock Uncertainty | Clock Relationship | Clock Delay Group | Logic Levels | Routes |                            Logical Path                           | Start Point Clock | End Point Clock | DSP Block | RAM Registers | IO Crossings | SLR Crossings | PBlocks | High Fanout | Dont Touch | Mark Debug | Start Point Pin Primitive | End Point Pin Primitive |           Start Point Pin           |             End Point Pin             |
+-----------+-------------+------------+-------------+------------+------------+--------+-------------------+--------------------+-------------------+--------------+--------+-------------------------------------------------------------------+-------------------+-----------------+-----------+---------------+--------------+---------------+---------+-------------+------------+------------+---------------------------+-------------------------+-------------------------------------+---------------------------------------+
| Path #1   | 1.400       | 1.461      | 0.206(15%)  | 1.255(85%) | 0.012      | -0.059 | 0.035             | Timed              | Same Clock        | 1            | 1      | FDRE/C-(4096)-RAMD64E-(1)-FDRE/D                                  | clk               | clk             | None      | None-None     | 0            | 0             | 0       | 4096        | 0          | 0          | FDRE/C                    | FDRE/D                  | weight_rd_addr_reg[0][1]/C          | rd_data_ram_reg[35]/D                 |
| Path #2   | 1.400       | 1.470      | 0.118(9%)   | 1.352(91%) | 0.026      | -0.054 | 0.035             | Timed              | Same Clock        | 1            | 1      | FDRE/C-(4096)-RAMD64E-(1)-FDRE/D                                  | clk               | clk             | None      | None-None     | 0            | 0             | 0       | 4096        | 0          | 0          | FDRE/C                    | FDRE/D                  | weight_rd_addr_reg[0][5]/C          | rd_data_ram_reg[38]/D                 |
| Path #3   | 1.400       | 1.343      | 0.562(42%)  | 0.781(58%) | -0.100     | -0.054 | 0.035             | Timed              | Same Clock        | 5            | 5      | FDRE/C-(107)-LUT2-(2)-LUT6-(97)-LUT6-(1)-LUT6-(1)-LUT3-(1)-FDRE/D | clk               | clk             | None      | None-None     | 0            | 0             | 0       | 107         | 0          | 0          | FDRE/C                    | FDRE/D                  | state_r_reg[0]/C                    | elements_r_reg[3]/D                   |
| Path #4   | 1.400       | 1.282      | 0.368(29%)  | 0.914(71%) | -0.076     | -0.053 | 0.035             | Timed              | Same Clock        | 4            | 5      | FDRE/C-(86)-LUT6-(3)-LUT3-(1)-LUT6-(2)-LUT2-(7)-FDRE/CE           | clk               | clk             | None      | None-None     | 0            | 0             | 0       | 86          | 0          | 0          | FDRE/C                    | FDRE/CE                 | wr_ptr_r_reg[2]/C                   | mem_data_r_reg[72]/CE                 |
| Path #5   | 1.400       | 1.282      | 0.368(29%)  | 0.914(71%) | -0.076     | -0.053 | 0.035             | Timed              | Same Clock        | 4            | 5      | FDRE/C-(86)-LUT6-(3)-LUT3-(1)-LUT6-(2)-LUT2-(7)-FDRE/CE           | clk               | clk             | None      | None-None     | 0            | 0             | 0       | 86          | 0          | 0          | FDRE/C                    | FDRE/CE                 | wr_ptr_r_reg[2]/C                   | mem_data_r_reg[73]/CE                 |
| Path #6   | 1.400       | 1.282      | 0.368(29%)  | 0.914(71%) | -0.076     | -0.053 | 0.035             | Timed              | Same Clock        | 4            | 5      | FDRE/C-(86)-LUT6-(3)-LUT3-(1)-LUT6-(2)-LUT2-(7)-FDRE/CE           | clk               | clk             | None      | None-None     | 0            | 0             | 0       | 86          | 0          | 0          | FDRE/C                    | FDRE/CE                 | wr_ptr_r_reg[2]/C                   | mem_data_r_reg[76]/CE                 |
| Path #7   | 1.400       | 1.282      | 0.368(29%)  | 0.914(71%) | -0.076     | -0.053 | 0.035             | Timed              | Same Clock        | 4            | 5      | FDRE/C-(86)-LUT6-(3)-LUT3-(1)-LUT6-(2)-LUT2-(7)-FDRE/CE           | clk               | clk             | None      | None-None     | 0            | 0             | 0       | 86          | 0          | 0          | FDRE/C                    | FDRE/CE                 | wr_ptr_r_reg[2]/C                   | mem_data_r_reg[77]/CE                 |
| Path #8   | 1.400       | 1.280      | 0.368(29%)  | 0.912(71%) | -0.077     | -0.052 | 0.035             | Timed              | Same Clock        | 4            | 5      | FDRE/C-(86)-LUT6-(3)-LUT3-(1)-LUT6-(2)-LUT2-(7)-FDRE/CE           | clk               | clk             | None      | None-None     | 0            | 0             | 0       | 86          | 0          | 0          | FDRE/C                    | FDRE/CE                 | wr_ptr_r_reg[2]/C                   | mem_data_r_reg[78]/CE                 |
| Path #9   | 1.400       | 1.326      | 0.132(10%)  | 1.194(90%) | -0.112     | -0.049 | 0.035             | Timed              | Same Clock        | 1            | 1      | FDRE/C-(4096)-RAMD64E-(1)-FDRE/D                                  | clk               | clk             | None      | None-None     | 0            | 0             | 0       | 4096        | 0          | 0          | FDRE/C                    | FDRE/D                  | weight_rd_addr_reg[0][4]/C          | rd_data_ram_reg[6]/D                  |
| Path #10  | 1.400       | 1.464      | 0.118(9%)   | 1.346(91%) | 0.026      | -0.048 | 0.035             | Timed              | Same Clock        | 1            | 1      | FDRE/C-(4096)-RAMD64E-(1)-FDRE/D                                  | clk               | clk             | None      | None-None     | 0            | 0             | 0       | 4096        | 0          | 0          | FDRE/C                    | FDRE/D                  | weight_rd_addr_reg[0][5]/C          | rd_data_ram_reg[37]/D                 |
| Path #11  | 1.400       | 1.441      | 0.225(16%)  | 1.216(84%) | 0.005      | -0.046 | 0.035             | Timed              | Same Clock        | 1            | 1      | FDRE/C-(4096)-RAMD64E-(1)-FDRE/D                                  | clk               | clk             | None      | None-None     | 0            | 0             | 0       | 4096        | 0          | 0          | FDRE/C                    | FDRE/D                  | weight_rd_addr_reg[0][0]/C          | rd_data_ram_reg[38]/D                 |
| Path #12  | 1.400       | 1.426      | 0.203(15%)  | 1.223(85%) | -0.008     | -0.044 | 0.035             | Timed              | Same Clock        | 1            | 1      | FDRE/C-(4096)-RAMD64E-(1)-FDRE/D                                  | clk               | clk             | None      | None-None     | 0            | 0             | 0       | 4096        | 0          | 0          | FDRE/C                    | FDRE/D                  | weight_rd_addr_reg[0][1]/C          | rd_data_ram_reg[10]/D                 |
| Path #13  | 1.400       | 1.436      | 0.204(15%)  | 1.232(85%) | 0.003      | -0.043 | 0.035             | Timed              | Same Clock        | 1            | 1      | FDRE/C-(4096)-RAMD64E-(1)-FDRE/D                                  | clk               | clk             | None      | None-None     | 0            | 0             | 0       | 4096        | 0          | 0          | FDRE/C                    | FDRE/D                  | weight_rd_addr_reg[0][1]/C          | rd_data_ram_reg[6]/D                  |
| Path #14  | 1.400       | 1.247      | 0.349(28%)  | 0.898(72%) | -0.101     | -0.043 | 0.035             | Timed              | Same Clock        | 2            | 3      | FDRE/C-(107)-LUT2-(2)-LUT6-(97)-FDRE/CE                           | clk               | clk             | None      | None-None     | 0            | 0             | 0       | 107         | 0          | 0          | FDRE/C                    | FDRE/CE                 | state_r_reg[0]/C                    | weight_rd_addr_reg[0][3]_replica/CE   |
| Path #15  | 1.400       | 1.324      | 0.131(10%)  | 1.193(90%) | -0.108     | -0.042 | 0.035             | Timed              | Same Clock        | 1            | 1      | FDRE/C-(4096)-RAMD64E-(1)-FDRE/D                                  | clk               | clk             | None      | None-None     | 0            | 0             | 0       | 4096        | 0          | 0          | FDRE/C                    | FDRE/D                  | weight_rd_addr_reg[0][4]/C          | rd_data_ram_reg[47]/D                 |
| Path #16  | 1.400       | 1.245      | 0.349(29%)  | 0.896(71%) | -0.101     | -0.041 | 0.035             | Timed              | Same Clock        | 2            | 3      | FDRE/C-(107)-LUT2-(2)-LUT6-(97)-FDRE/CE                           | clk               | clk             | None      | None-None     | 0            | 0             | 0       | 107         | 0          | 0          | FDRE/C                    | FDRE/CE                 | state_r_reg[0]/C                    | weight_rd_addr_reg[0][4]_replica_2/CE |
| Path #17  | 1.400       | 1.245      | 0.349(29%)  | 0.896(71%) | -0.101     | -0.041 | 0.035             | Timed              | Same Clock        | 2            | 3      | FDRE/C-(107)-LUT2-(2)-LUT6-(97)-FDRE/CE                           | clk               | clk             | None      | None-None     | 0            | 0             | 0       | 107         | 0          | 0          | FDRE/C                    | FDRE/CE                 | state_r_reg[0]/C                    | weight_rd_addr_reg[0][4]_replica_3/CE |
| Path #18  | 1.400       | 1.208      | 0.078(7%)   | 1.130(93%) | -0.223     | -0.041 | 0.035             | Timed              | Same Clock        | 0            | 1      | FDRE/C-(19)-FDRE/D                                                | clk               | clk             | None      | None-None     | 1            | 0             | 0       | 19          | 0          | 0          | FDRE/C                    | FDRE/D                  | rd_data_r_reg[1]/C                  | mem_reg[97]/D                         |
| Path #19  | 1.400       | 1.371      | 0.229(17%)  | 1.142(83%) | -0.059     | -0.040 | 0.035             | Timed              | Same Clock        | 1            | 1      | FDRE/C-(4096)-RAMD64E-(1)-FDRE/D                                  | clk               | clk             | None      | None-None     | 0            | 0             | 0       | 4096        | 0          | 0          | FDRE/C                    | FDRE/D                  | weight_rd_addr_reg[0][0]/C          | rd_data_ram_reg[36]/D                 |
| Path #20  | 1.400       | 1.440      | 0.230(16%)  | 1.210(84%) | 0.010      | -0.040 | 0.035             | Timed              | Same Clock        | 1            | 1      | FDRE/C-(4096)-RAMD64E-(1)-FDRE/D                                  | clk               | clk             | None      | None-None     | 0            | 0             | 0       | 4096        | 0          | 0          | FDRE/C                    | FDRE/D                  | weight_rd_addr_reg[0][0]/C          | rd_data_ram_reg[41]/D                 |
| Path #21  | 1.400       | 1.435      | 0.225(16%)  | 1.210(84%) | 0.005      | -0.040 | 0.035             | Timed              | Same Clock        | 1            | 1      | FDRE/C-(4096)-RAMD64E-(1)-FDRE/D                                  | clk               | clk             | None      | None-None     | 0            | 0             | 0       | 4096        | 0          | 0          | FDRE/C                    | FDRE/D                  | weight_rd_addr_reg[0][0]/C          | rd_data_ram_reg[37]/D                 |
| Path #22  | 1.400       | 1.318      | 0.131(10%)  | 1.187(90%) | -0.111     | -0.039 | 0.035             | Timed              | Same Clock        | 1            | 1      | FDRE/C-(4096)-RAMD64E-(1)-FDRE/D                                  | clk               | clk             | None      | None-None     | 0            | 0             | 0       | 4096        | 0          | 0          | FDRE/C                    | FDRE/D                  | weight_rd_addr_reg[0][4]/C          | rd_data_ram_reg[26]/D                 |
| Path #23  | 1.400       | 1.436      | 0.203(15%)  | 1.233(85%) | 0.007      | -0.039 | 0.035             | Timed              | Same Clock        | 1            | 1      | FDRE/C-(4096)-RAMD64E-(1)-FDRE/D                                  | clk               | clk             | None      | None-None     | 0            | 0             | 0       | 4096        | 0          | 0          | FDRE/C                    | FDRE/D                  | weight_rd_addr_reg[0][1]/C          | rd_data_ram_reg[31]/D                 |
| Path #24  | 1.400       | 1.439      | 0.228(16%)  | 1.211(84%) | 0.010      | -0.039 | 0.035             | Timed              | Same Clock        | 1            | 1      | FDRE/C-(4096)-RAMD64E-(1)-FDRE/D                                  | clk               | clk             | None      | None-None     | 0            | 0             | 0       | 4096        | 0          | 0          | FDRE/C                    | FDRE/D                  | weight_rd_addr_reg[0][0]/C          | rd_data_ram_reg[40]/D                 |
| Path #25  | 1.400       | 1.321      | 0.132(10%)  | 1.189(90%) | -0.108     | -0.039 | 0.035             | Timed              | Same Clock        | 1            | 1      | FDRE/C-(4096)-RAMD64E-(1)-FDRE/D                                  | clk               | clk             | None      | None-None     | 0            | 0             | 0       | 4096        | 0          | 0          | FDRE/C                    | FDRE/D                  | weight_rd_addr_reg[0][4]/C          | rd_data_ram_reg[48]/D                 |
| Path #26  | 1.400       | 1.438      | 0.225(16%)  | 1.213(84%) | 0.010      | -0.038 | 0.035             | Timed              | Same Clock        | 1            | 1      | FDRE/C-(4096)-RAMD64E-(1)-FDRE/D                                  | clk               | clk             | None      | None-None     | 0            | 0             | 0       | 4096        | 0          | 0          | FDRE/C                    | FDRE/D                  | weight_rd_addr_reg[0][0]/C          | rd_data_ram_reg[31]/D                 |
| Path #27  | 1.400       | 1.236      | 0.349(29%)  | 0.887(71%) | -0.106     | -0.038 | 0.035             | Timed              | Same Clock        | 2            | 3      | FDRE/C-(107)-LUT2-(2)-LUT6-(97)-FDRE/CE                           | clk               | clk             | None      | None-None     | 0            | 0             | 0       | 107         | 0          | 0          | FDRE/C                    | FDRE/CE                 | state_r_reg[0]/C                    | weight_rd_addr_reg[0][4]_replica_6/CE |
| Path #28  | 1.400       | 1.307      | 0.131(11%)  | 1.176(89%) | -0.121     | -0.038 | 0.035             | Timed              | Same Clock        | 1            | 1      | FDRE/C-(4096)-RAMD64E-(1)-FDRE/D                                  | clk               | clk             | None      | None-None     | 0            | 0             | 0       | 4096        | 0          | 0          | FDRE/C                    | FDRE/D                  | weight_rd_addr_reg[0][4]/C          | rd_data_ram_reg[40]/D                 |
| Path #29  | 1.400       | 1.430      | 0.225(16%)  | 1.205(84%) | 0.004      | -0.037 | 0.035             | Timed              | Same Clock        | 1            | 1      | FDRE/C-(4096)-RAMD64E-(1)-FDRE/D                                  | clk               | clk             | None      | None-None     | 0            | 0             | 0       | 4096        | 0          | 0          | FDRE/C                    | FDRE/D                  | weight_rd_addr_reg[0][0]/C          | rd_data_ram_reg[9]/D                  |
| Path #30  | 1.400       | 1.444      | 0.203(15%)  | 1.241(85%) | 0.019      | -0.035 | 0.035             | Timed              | Same Clock        | 1            | 1      | FDRE/C-(4096)-RAMD64E-(1)-FDRE/D                                  | clk               | clk             | None      | None-None     | 0            | 0             | 0       | 4096        | 0          | 0          | FDRE/C                    | FDRE/D                  | weight_rd_addr_reg[0][1]/C          | rd_data_ram_reg[17]/D                 |
| Path #31  | 1.400       | 1.434      | 0.225(16%)  | 1.209(84%) | 0.010      | -0.034 | 0.035             | Timed              | Same Clock        | 1            | 1      | FDRE/C-(4096)-RAMD64E-(1)-FDRE/D                                  | clk               | clk             | None      | None-None     | 0            | 0             | 0       | 4096        | 0          | 0          | FDRE/C                    | FDRE/D                  | weight_rd_addr_reg[0][0]/C          | rd_data_ram_reg[30]/D                 |
| Path #32  | 1.400       | 1.445      | 0.206(15%)  | 1.239(85%) | 0.021      | -0.034 | 0.035             | Timed              | Same Clock        | 1            | 1      | FDRE/C-(4096)-RAMD64E-(1)-FDRE/D                                  | clk               | clk             | None      | None-None     | 0            | 0             | 0       | 4096        | 0          | 0          | FDRE/C                    | FDRE/D                  | weight_rd_addr_reg[0][1]/C          | rd_data_ram_reg[35]/D                 |
| Path #33  | 1.400       | 1.430      | 0.204(15%)  | 1.226(85%) | 0.007      | -0.033 | 0.035             | Timed              | Same Clock        | 1            | 1      | FDRE/C-(4096)-RAMD64E-(1)-FDRE/D                                  | clk               | clk             | None      | None-None     | 0            | 0             | 0       | 4096        | 0          | 0          | FDRE/C                    | FDRE/D                  | weight_rd_addr_reg[0][1]/C          | rd_data_ram_reg[30]/D                 |
| Path #34  | 1.400       | 1.414      | 0.204(15%)  | 1.210(85%) | -0.009     | -0.033 | 0.035             | Timed              | Same Clock        | 1            | 1      | FDRE/C-(4096)-RAMD64E-(1)-FDRE/D                                  | clk               | clk             | None      | None-None     | 0            | 0             | 0       | 4096        | 0          | 0          | FDRE/C                    | FDRE/D                  | weight_rd_addr_reg[0][1]/C          | rd_data_ram_reg[13]/D                 |
| Path #35  | 1.400       | 1.307      | 0.222(17%)  | 1.085(83%) | -0.029     | -0.032 | 0.035             | Timed              | Same Clock        | 1            | 2      | FDRE/C-(107)-LUT3-(4)-FDRE/CE                                     | clk               | clk             | None      | None-None     | 0            | 0             | 0       | 107         | 0          | 0          | FDRE/C                    | FDRE/CE                 | state_r_reg[0]/C                    | w_bank_addr_r_reg[8][2]/CE            |
| Path #36  | 1.400       | 1.440      | 0.204(15%)  | 1.236(85%) | 0.019      | -0.031 | 0.035             | Timed              | Same Clock        | 1            | 1      | FDRE/C-(4096)-RAMD64E-(1)-FDRE/D                                  | clk               | clk             | None      | None-None     | 0            | 0             | 0       | 4096        | 0          | 0          | FDRE/C                    | FDRE/D                  | weight_rd_addr_reg[0][1]/C          | rd_data_ram_reg[16]/D                 |
| Path #37  | 1.400       | 1.310      | 0.132(11%)  | 1.178(89%) | -0.111     | -0.031 | 0.035             | Timed              | Same Clock        | 1            | 1      | FDRE/C-(4096)-RAMD64E-(1)-FDRE/D                                  | clk               | clk             | None      | None-None     | 0            | 0             | 0       | 4096        | 0          | 0          | FDRE/C                    | FDRE/D                  | weight_rd_addr_reg[0][4]/C          | rd_data_ram_reg[25]/D                 |
| Path #38  | 1.400       | 1.306      | 0.222(18%)  | 1.084(82%) | -0.029     | -0.031 | 0.035             | Timed              | Same Clock        | 1            | 2      | FDRE/C-(107)-LUT3-(4)-FDRE/CE                                     | clk               | clk             | None      | None-None     | 0            | 0             | 0       | 107         | 0          | 0          | FDRE/C                    | FDRE/CE                 | state_r_reg[0]/C                    | w_bank_addr_r_reg[8][1]/CE            |
| Path #39  | 1.400       | 1.306      | 0.222(18%)  | 1.084(82%) | -0.029     | -0.031 | 0.035             | Timed              | Same Clock        | 1            | 2      | FDRE/C-(107)-LUT3-(4)-FDRE/CE                                     | clk               | clk             | None      | None-None     | 0            | 0             | 0       | 107         | 0          | 0          | FDRE/C                    | FDRE/CE                 | state_r_reg[0]/C                    | w_bank_addr_r_reg[8][3]/CE            |
| Path #40  | 1.400       | 1.361      | 0.230(17%)  | 1.131(83%) | -0.059     | -0.030 | 0.035             | Timed              | Same Clock        | 1            | 1      | FDRE/C-(4096)-RAMD64E-(1)-FDRE/D                                  | clk               | clk             | None      | None-None     | 0            | 0             | 0       | 4096        | 0          | 0          | FDRE/C                    | FDRE/D                  | weight_rd_addr_reg[0][0]/C          | rd_data_ram_reg[35]/D                 |
| Path #41  | 1.400       | 1.299      | 0.132(11%)  | 1.167(89%) | -0.121     | -0.030 | 0.035             | Timed              | Same Clock        | 1            | 1      | FDRE/C-(4096)-RAMD64E-(1)-FDRE/D                                  | clk               | clk             | None      | None-None     | 0            | 0             | 0       | 4096        | 0          | 0          | FDRE/C                    | FDRE/D                  | weight_rd_addr_reg[0][4]/C          | rd_data_ram_reg[39]/D                 |
| Path #42  | 1.400       | 1.374      | 0.169(13%)  | 1.205(87%) | -0.045     | -0.030 | 0.035             | Timed              | Same Clock        | 1            | 1      | FDRE/C-(4096)-RAMD64E-(1)-FDRE/D                                  | clk               | clk             | None      | None-None     | 0            | 0             | 0       | 4096        | 0          | 0          | FDRE/C                    | FDRE/D                  | weight_rd_addr_reg[0][3]/C          | rd_data_ram_reg[3]/D                  |
| Path #43  | 1.400       | 1.350      | 0.204(16%)  | 1.146(84%) | -0.067     | -0.028 | 0.035             | Timed              | Same Clock        | 1            | 1      | FDRE/C-(4096)-RAMD64E-(1)-FDRE/D                                  | clk               | clk             | None      | None-None     | 0            | 0             | 0       | 4096        | 0          | 0          | FDRE/C                    | FDRE/D                  | weight_rd_addr_reg[0][1]/C          | rd_data_ram_reg[13]/D                 |
| Path #44  | 1.400       | 1.360      | 0.204(16%)  | 1.156(84%) | -0.057     | -0.027 | 0.035             | Timed              | Same Clock        | 1            | 1      | FDRE/C-(4096)-RAMD64E-(1)-FDRE/D                                  | clk               | clk             | None      | None-None     | 0            | 0             | 0       | 4096        | 0          | 0          | FDRE/C                    | FDRE/D                  | weight_rd_addr_reg[0][1]/C          | rd_data_ram_reg[48]/D                 |
| Path #45  | 1.400       | 1.347      | 0.131(10%)  | 1.216(90%) | -0.070     | -0.027 | 0.035             | Timed              | Same Clock        | 1            | 1      | FDRE/C-(4096)-RAMD64E-(1)-FDRE/D                                  | clk               | clk             | None      | None-None     | 0            | 0             | 0       | 4096        | 0          | 0          | FDRE/C                    | FDRE/D                  | weight_rd_addr_reg[0][4]/C          | rd_data_ram_reg[47]/D                 |
| Path #46  | 1.400       | 1.431      | 0.204(15%)  | 1.227(85%) | 0.014      | -0.027 | 0.035             | Timed              | Same Clock        | 1            | 1      | FDRE/C-(4096)-RAMD64E-(1)-FDRE/D                                  | clk               | clk             | None      | None-None     | 0            | 0             | 0       | 4096        | 0          | 0          | FDRE/C                    | FDRE/D                  | weight_rd_addr_reg[0][1]/C          | rd_data_ram_reg[19]/D                 |
| Path #47  | 1.400       | 1.229      | 0.349(29%)  | 0.880(71%) | -0.101     | -0.027 | 0.035             | Timed              | Same Clock        | 2            | 3      | FDRE/C-(107)-LUT2-(2)-LUT6-(97)-FDRE/CE                           | clk               | clk             | None      | None-None     | 0            | 0             | 0       | 107         | 0          | 0          | FDRE/C                    | FDRE/CE                 | state_r_reg[0]/C                    | weight_rd_addr_reg[0][2]_replica_2/CE |
| Path #48  | 1.400       | 1.229      | 0.349(29%)  | 0.880(71%) | -0.101     | -0.027 | 0.035             | Timed              | Same Clock        | 2            | 3      | FDRE/C-(107)-LUT2-(2)-LUT6-(97)-FDRE/CE                           | clk               | clk             | None      | None-None     | 0            | 0             | 0       | 107         | 0          | 0          | FDRE/C                    | FDRE/CE                 | state_r_reg[0]/C                    | weight_rd_addr_reg[0][5]_replica_2/CE |
| Path #49  | 1.400       | 1.412      | 0.228(17%)  | 1.184(83%) | -0.004     | -0.026 | 0.035             | Timed              | Same Clock        | 1            | 1      | FDRE/C-(4096)-RAMD64E-(1)-FDRE/D                                  | clk               | clk             | None      | None-None     | 0            | 0             | 0       | 4096        | 0          | 0          | FDRE/C                    | FDRE/D                  | weight_rd_addr_reg[0][0]/C          | rd_data_ram_reg[47]/D                 |
| Path #50  | 1.400       | 1.195      | 0.349(30%)  | 0.846(70%) | -0.221     | -0.026 | 0.035             | Timed              | Same Clock        | 2            | 3      | FDRE/C-(7)-LUT5-(9)-LUT6-(13)-FDRE/D                              | clk               | clk             | None      | None-None     | 0            | 0             | 0       | 13          | 0          | 0          | FDRE/C                    | FDRE/D                  | last_rd_r_reg/C                     | cfg_threshold_wr_en_r_reg/D           |
| Path #51  | 1.400       | 1.363      | 0.131(10%)  | 1.232(90%) | -0.052     | -0.026 | 0.035             | Timed              | Same Clock        | 1            | 1      | FDRE/C-(4096)-RAMD64E-(1)-FDRE/D                                  | clk               | clk             | None      | None-None     | 0            | 0             | 0       | 4096        | 0          | 0          | FDRE/C                    | FDRE/D                  | weight_rd_addr_reg[0][4]/C          | rd_data_ram_reg[52]/D                 |
| Path #52  | 1.400       | 1.294      | 0.132(11%)  | 1.162(89%) | -0.121     | -0.026 | 0.035             | Timed              | Same Clock        | 1            | 1      | FDRE/C-(4096)-RAMD64E-(1)-FDRE/D                                  | clk               | clk             | None      | None-None     | 0            | 0             | 0       | 4096        | 0          | 0          | FDRE/C                    | FDRE/D                  | weight_rd_addr_reg[0][4]/C          | rd_data_ram_reg[41]/D                 |
| Path #53  | 1.400       | 1.230      | 0.391(32%)  | 0.839(68%) | -0.099     | -0.026 | 0.035             | Timed              | Same Clock        | 3            | 4      | FDRE/C-(10)-LUT5-(3)-LUT6-(8)-LUT2-(67)-FDRE/CE                   | clk               | clk             | None      | None-None     | 0            | 0             | 0       | 67          | 0          | 0          | FDRE/C                    | FDRE/CE                 | elements_r_reg[0]/C                 | rd_data_r_reg[54]/CE                  |
| Path #54  | 1.400       | 1.230      | 0.391(32%)  | 0.839(68%) | -0.098     | -0.025 | 0.035             | Timed              | Same Clock        | 3            | 4      | FDRE/C-(10)-LUT5-(3)-LUT6-(8)-LUT2-(67)-FDRE/CE                   | clk               | clk             | None      | None-None     | 0            | 0             | 0       | 67          | 0          | 0          | FDRE/C                    | FDRE/CE                 | elements_r_reg[0]/C                 | rd_data_r_reg[19]/CE                  |
| Path #55  | 1.400       | 1.230      | 0.391(32%)  | 0.839(68%) | -0.098     | -0.025 | 0.035             | Timed              | Same Clock        | 3            | 4      | FDRE/C-(10)-LUT5-(3)-LUT6-(8)-LUT2-(67)-FDRE/CE                   | clk               | clk             | None      | None-None     | 0            | 0             | 0       | 67          | 0          | 0          | FDRE/C                    | FDRE/CE                 | elements_r_reg[0]/C                 | rd_data_r_reg[55]/CE                  |
| Path #56  | 1.400       | 1.318      | 0.204(16%)  | 1.114(84%) | -0.096     | -0.024 | 0.035             | Timed              | Same Clock        | 1            | 1      | FDRE/C-(4096)-RAMD64E-(1)-FDRE/D                                  | clk               | clk             | None      | None-None     | 0            | 0             | 0       | 4096        | 0          | 0          | FDRE/C                    | FDRE/D                  | weight_rd_addr_reg[0][1]/C          | rd_data_ram_reg[9]/D                  |
| Path #57  | 1.400       | 1.368      | 0.169(13%)  | 1.199(87%) | -0.045     | -0.024 | 0.035             | Timed              | Same Clock        | 1            | 1      | FDRE/C-(4096)-RAMD64E-(1)-FDRE/D                                  | clk               | clk             | None      | None-None     | 0            | 0             | 0       | 4096        | 0          | 0          | FDRE/C                    | FDRE/D                  | weight_rd_addr_reg[0][3]/C          | rd_data_ram_reg[2]/D                  |
| Path #58  | 1.400       | 1.276      | 0.228(18%)  | 1.048(82%) | -0.137     | -0.023 | 0.035             | Timed              | Same Clock        | 1            | 1      | FDRE/C-(4096)-RAMD64E-(1)-FDRE/D                                  | clk               | clk             | None      | None-None     | 0            | 0             | 0       | 4096        | 0          | 0          | FDRE/C                    | FDRE/D                  | weight_rd_addr_reg[0][0]/C          | rd_data_ram_reg[19]/D                 |
| Path #59  | 1.400       | 1.423      | 0.228(17%)  | 1.195(83%) | 0.010      | -0.023 | 0.035             | Timed              | Same Clock        | 1            | 1      | FDRE/C-(4096)-RAMD64E-(1)-FDRE/D                                  | clk               | clk             | None      | None-None     | 0            | 0             | 0       | 4096        | 0          | 0          | FDRE/C                    | FDRE/D                  | weight_rd_addr_reg[0][0]/C          | rd_data_ram_reg[39]/D                 |
| Path #60  | 1.400       | 1.230      | 0.349(29%)  | 0.881(71%) | -0.097     | -0.022 | 0.035             | Timed              | Same Clock        | 2            | 3      | FDRE/C-(107)-LUT2-(2)-LUT6-(97)-FDRE/CE                           | clk               | clk             | None      | None-None     | 0            | 0             | 0       | 107         | 0          | 0          | FDRE/C                    | FDRE/CE                 | state_r_reg[0]/C                    | weight_rd_addr_reg[0][1]_replica_2/CE |
| Path #61  | 1.400       | 1.230      | 0.349(29%)  | 0.881(71%) | -0.097     | -0.022 | 0.035             | Timed              | Same Clock        | 2            | 3      | FDRE/C-(107)-LUT2-(2)-LUT6-(97)-FDRE/CE                           | clk               | clk             | None      | None-None     | 0            | 0             | 0       | 107         | 0          | 0          | FDRE/C                    | FDRE/CE                 | state_r_reg[0]/C                    | weight_rd_addr_reg[0][4]_replica/CE   |
| Path #62  | 1.400       | 1.354      | 0.131(10%)  | 1.223(90%) | -0.057     | -0.021 | 0.035             | Timed              | Same Clock        | 1            | 1      | FDRE/C-(4096)-RAMD64E-(1)-FDRE/D                                  | clk               | clk             | None      | None-None     | 0            | 0             | 0       | 4096        | 0          | 0          | FDRE/C                    | FDRE/D                  | weight_rd_addr_reg[0][4]/C          | rd_data_ram_reg[54]/D                 |
| Path #63  | 1.400       | 1.358      | 0.131(10%)  | 1.227(90%) | -0.052     | -0.021 | 0.035             | Timed              | Same Clock        | 1            | 1      | FDRE/C-(4096)-RAMD64E-(1)-FDRE/D                                  | clk               | clk             | None      | None-None     | 0            | 0             | 0       | 4096        | 0          | 0          | FDRE/C                    | FDRE/D                  | weight_rd_addr_reg[0][4]/C          | rd_data_ram_reg[51]/D                 |
| Path #64  | 1.400       | 1.220      | 0.391(33%)  | 0.829(67%) | -0.104     | -0.020 | 0.035             | Timed              | Same Clock        | 3            | 4      | FDRE/C-(10)-LUT5-(3)-LUT6-(8)-LUT2-(67)-FDRE/CE                   | clk               | clk             | None      | None-None     | 0            | 0             | 0       | 67          | 0          | 0          | FDRE/C                    | FDRE/CE                 | elements_r_reg[0]/C                 | rd_data_r_reg[11]/CE                  |
| Path #65  | 1.400       | 1.175      | 0.079(7%)   | 1.096(93%) | -0.153     | -0.019 | 0.035             | Timed              | Same Clock        | 0            | 1      | FDRE/C-(64)-RAMD64E/I                                             | clk               | clk             | None      | None-None     | 0            | 0             | 0       | 64          | 0          | 0          | FDRE/C                    | RAMD64E/I               | cfg_weight_wr_data_pipe_r_reg[50]/C | RAMB/I                                |
| Path #66  | 1.400       | 1.224      | 0.349(29%)  | 0.875(71%) | -0.100     | -0.019 | 0.035             | Timed              | Same Clock        | 2            | 3      | FDRE/C-(107)-LUT2-(2)-LUT6-(97)-FDRE/CE                           | clk               | clk             | None      | None-None     | 0            | 0             | 0       | 107         | 0          | 0          | FDRE/C                    | FDRE/CE                 | state_r_reg[0]/C                    | weight_rd_addr_reg[0][3]_replica_4/CE |
| Path #67  | 1.400       | 1.290      | 0.228(18%)  | 1.062(82%) | -0.118     | -0.019 | 0.035             | Timed              | Same Clock        | 1            | 1      | FDRE/C-(4096)-RAMD64E-(1)-FDRE/D                                  | clk               | clk             | None      | None-None     | 0            | 0             | 0       | 4096        | 0          | 0          | FDRE/C                    | FDRE/D                  | weight_rd_addr_reg[0][0]/C          | rd_data_ram_reg[26]/D                 |
| Path #68  | 1.400       | 1.309      | 0.445(34%)  | 0.864(66%) | -0.099     | -0.019 | 0.035             | Timed              | Same Clock        | 3            | 4      | FDRE/C-(107)-LUT2-(2)-LUT6-(97)-LUT6-(1)-FDRE/D                   | clk               | clk             | None      | None-None     | 0            | 0             | 0       | 107         | 0          | 0          | FDRE/C                    | FDRE/D                  | state_r_reg[0]/C                    | elements_r_reg[2]/D                   |
| Path #69  | 1.400       | 1.185      | 0.349(30%)  | 0.836(70%) | -0.223     | -0.018 | 0.035             | Timed              | Same Clock        | 2            | 3      | FDRE/C-(7)-LUT5-(9)-LUT6-(13)-FDRE/D                              | clk               | clk             | None      | None-None     | 0            | 0             | 0       | 13          | 0          | 0          | FDRE/C                    | FDRE/D                  | last_rd_r_reg/C                     | cfg_threshold_wr_en_r_reg_replica/D   |
| Path #70  | 1.400       | 1.405      | 0.225(17%)  | 1.180(83%) | -0.003     | -0.018 | 0.035             | Timed              | Same Clock        | 1            | 1      | FDRE/C-(4096)-RAMD64E-(1)-FDRE/D                                  | clk               | clk             | None      | None-None     | 0            | 0             | 0       | 4096        | 0          | 0          | FDRE/C                    | FDRE/D                  | weight_rd_addr_reg[0][0]/C          | rd_data_ram_reg[44]/D                 |
| Path #71  | 1.400       | 1.356      | 0.228(17%)  | 1.128(83%) | -0.052     | -0.018 | 0.035             | Timed              | Same Clock        | 1            | 1      | FDRE/C-(4096)-RAMD64E-(1)-FDRE/D                                  | clk               | clk             | None      | None-None     | 0            | 0             | 0       | 4096        | 0          | 0          | FDRE/C                    | FDRE/D                  | weight_rd_addr_reg[0][0]/C          | rd_data_ram_reg[26]/D                 |
| Path #72  | 1.400       | 1.427      | 0.204(15%)  | 1.223(85%) | 0.019      | -0.018 | 0.035             | Timed              | Same Clock        | 1            | 1      | FDRE/C-(4096)-RAMD64E-(1)-FDRE/D                                  | clk               | clk             | None      | None-None     | 0            | 0             | 0       | 4096        | 0          | 0          | FDRE/C                    | FDRE/D                  | weight_rd_addr_reg[0][1]/C          | rd_data_ram_reg[34]/D                 |
| Path #73  | 1.400       | 1.413      | 0.229(17%)  | 1.184(83%) | 0.006      | -0.018 | 0.035             | Timed              | Same Clock        | 1            | 1      | FDRE/C-(4096)-RAMD64E-(1)-FDRE/D                                  | clk               | clk             | None      | None-None     | 0            | 0             | 0       | 4096        | 0          | 0          | FDRE/C                    | FDRE/D                  | weight_rd_addr_reg[0][0]/C          | rd_data_ram_reg[15]/D                 |
| Path #74  | 1.400       | 1.420      | 0.171(13%)  | 1.249(87%) | 0.013      | -0.017 | 0.035             | Timed              | Same Clock        | 1            | 1      | FDRE/C-(4096)-RAMD64E-(1)-FDRE/D                                  | clk               | clk             | None      | None-None     | 0            | 0             | 0       | 4096        | 0          | 0          | FDRE/C                    | FDRE/D                  | weight_rd_addr_reg[0][3]/C          | rd_data_ram_reg[62]/D                 |
| Path #75  | 1.400       | 1.405      | 0.225(17%)  | 1.180(83%) | -0.002     | -0.017 | 0.035             | Timed              | Same Clock        | 1            | 1      | FDRE/C-(4096)-RAMD64E-(1)-FDRE/D                                  | clk               | clk             | None      | None-None     | 0            | 0             | 0       | 4096        | 0          | 0          | FDRE/C                    | FDRE/D                  | weight_rd_addr_reg[0][0]/C          | rd_data_ram_reg[3]/D                  |
| Path #76  | 1.400       | 1.197      | 0.079(7%)   | 1.118(93%) | -0.128     | -0.017 | 0.035             | Timed              | Same Clock        | 0            | 1      | FDRE/C-(64)-RAMD64E/I                                             | clk               | clk             | None      | None-None     | 0            | 0             | 0       | 64          | 0          | 0          | FDRE/C                    | RAMD64E/I               | cfg_weight_wr_data_pipe_r_reg[50]/C | RAMB/I                                |
| Path #77  | 1.400       | 1.412      | 0.206(15%)  | 1.206(85%) | 0.007      | -0.015 | 0.035             | Timed              | Same Clock        | 1            | 1      | FDRE/C-(4096)-RAMD64E-(1)-FDRE/D                                  | clk               | clk             | None      | None-None     | 0            | 0             | 0       | 4096        | 0          | 0          | FDRE/C                    | FDRE/D                  | weight_rd_addr_reg[0][1]/C          | rd_data_ram_reg[28]/D                 |
| Path #78  | 1.400       | 1.414      | 0.118(9%)   | 1.296(91%) | 0.009      | -0.015 | 0.035             | Timed              | Same Clock        | 1            | 1      | FDRE/C-(4096)-RAMD64E-(1)-FDRE/D                                  | clk               | clk             | None      | None-None     | 0            | 0             | 0       | 4096        | 0          | 0          | FDRE/C                    | FDRE/D                  | weight_rd_addr_reg[0][5]/C          | rd_data_ram_reg[1]/D                  |
| Path #79  | 1.400       | 1.359      | 0.170(13%)  | 1.189(87%) | -0.045     | -0.015 | 0.035             | Timed              | Same Clock        | 1            | 1      | FDRE/C-(4096)-RAMD64E-(1)-FDRE/D                                  | clk               | clk             | None      | None-None     | 0            | 0             | 0       | 4096        | 0          | 0          | FDRE/C                    | FDRE/D                  | weight_rd_addr_reg[0][3]/C          | rd_data_ram_reg[1]/D                  |
| Path #80  | 1.400       | 1.338      | 0.204(16%)  | 1.134(84%) | -0.066     | -0.015 | 0.035             | Timed              | Same Clock        | 1            | 1      | FDRE/C-(4096)-RAMD64E-(1)-FDRE/D                                  | clk               | clk             | None      | None-None     | 0            | 0             | 0       | 4096        | 0          | 0          | FDRE/C                    | FDRE/D                  | weight_rd_addr_reg[0][1]/C          | rd_data_ram_reg[9]/D                  |
| Path #81  | 1.400       | 1.275      | 0.179(15%)  | 1.096(85%) | -0.129     | -0.015 | 0.035             | Timed              | Same Clock        | 1            | 1      | FDRE/C-(4096)-RAMD64E-(1)-FDRE/D                                  | clk               | clk             | None      | None-None     | 0            | 0             | 0       | 4096        | 0          | 0          | FDRE/C                    | FDRE/D                  | weight_rd_addr_reg[0][2]/C          | rd_data_ram_reg[12]/D                 |
| Path #82  | 1.400       | 1.219      | 0.349(29%)  | 0.870(71%) | -0.100     | -0.015 | 0.035             | Timed              | Same Clock        | 2            | 3      | FDRE/C-(107)-LUT2-(2)-LUT6-(97)-FDRE/CE                           | clk               | clk             | None      | None-None     | 0            | 0             | 0       | 107         | 0          | 0          | FDRE/C                    | FDRE/CE                 | state_r_reg[0]/C                    | weight_rd_addr_reg[0][2]_replica/CE   |
| Path #83  | 1.400       | 1.219      | 0.349(29%)  | 0.870(71%) | -0.100     | -0.015 | 0.035             | Timed              | Same Clock        | 2            | 3      | FDRE/C-(107)-LUT2-(2)-LUT6-(97)-FDRE/CE                           | clk               | clk             | None      | None-None     | 0            | 0             | 0       | 107         | 0          | 0          | FDRE/C                    | FDRE/CE                 | state_r_reg[0]/C                    | weight_rd_addr_reg[0][3]_replica_3/CE |
| Path #84  | 1.400       | 1.219      | 0.349(29%)  | 0.870(71%) | -0.100     | -0.015 | 0.035             | Timed              | Same Clock        | 2            | 3      | FDRE/C-(107)-LUT2-(2)-LUT6-(97)-FDRE/CE                           | clk               | clk             | None      | None-None     | 0            | 0             | 0       | 107         | 0          | 0          | FDRE/C                    | FDRE/CE                 | state_r_reg[0]/C                    | weight_rd_addr_reg[0][5]_replica_1/CE |
| Path #85  | 1.400       | 1.279      | 0.203(16%)  | 1.076(84%) | -0.125     | -0.015 | 0.035             | Timed              | Same Clock        | 1            | 1      | FDRE/C-(4096)-RAMD64E-(1)-FDRE/D                                  | clk               | clk             | None      | None-None     | 0            | 0             | 0       | 4096        | 0          | 0          | FDRE/C                    | FDRE/D                  | weight_rd_addr_reg[0][1]/C          | rd_data_ram_reg[24]/D                 |
| Path #86  | 1.400       | 1.427      | 0.118(9%)   | 1.309(91%) | 0.023      | -0.014 | 0.035             | Timed              | Same Clock        | 1            | 1      | FDRE/C-(4096)-RAMD64E-(1)-FDRE/D                                  | clk               | clk             | None      | None-None     | 0            | 0             | 0       | 4096        | 0          | 0          | FDRE/C                    | FDRE/D                  | weight_rd_addr_reg[0][5]/C          | rd_data_ram_reg[3]/D                  |
| Path #87  | 1.400       | 1.413      | 0.169(12%)  | 1.244(88%) | 0.009      | -0.014 | 0.035             | Timed              | Same Clock        | 1            | 1      | FDRE/C-(4096)-RAMD64E-(1)-FDRE/D                                  | clk               | clk             | None      | None-None     | 0            | 0             | 0       | 4096        | 0          | 0          | FDRE/C                    | FDRE/D                  | weight_rd_addr_reg[0][3]/C          | rd_data_ram_reg[45]/D                 |
| Path #88  | 1.400       | 1.395      | 0.204(15%)  | 1.191(85%) | -0.008     | -0.013 | 0.035             | Timed              | Same Clock        | 1            | 1      | FDRE/C-(4096)-RAMD64E-(1)-FDRE/D                                  | clk               | clk             | None      | None-None     | 0            | 0             | 0       | 4096        | 0          | 0          | FDRE/C                    | FDRE/D                  | weight_rd_addr_reg[0][1]/C          | rd_data_ram_reg[41]/D                 |
| Path #89  | 1.400       | 1.401      | 0.225(17%)  | 1.176(83%) | -0.002     | -0.013 | 0.035             | Timed              | Same Clock        | 1            | 1      | FDRE/C-(4096)-RAMD64E-(1)-FDRE/D                                  | clk               | clk             | None      | None-None     | 0            | 0             | 0       | 4096        | 0          | 0          | FDRE/C                    | FDRE/D                  | weight_rd_addr_reg[0][0]/C          | rd_data_ram_reg[2]/D                  |
| Path #90  | 1.400       | 1.272      | 0.179(15%)  | 1.093(85%) | -0.131     | -0.013 | 0.035             | Timed              | Same Clock        | 1            | 1      | FDRE/C-(4096)-RAMD64E-(1)-FDRE/D                                  | clk               | clk             | None      | None-None     | 0            | 0             | 0       | 4096        | 0          | 0          | FDRE/C                    | FDRE/D                  | weight_rd_addr_reg[0][2]/C          | rd_data_ram_reg[5]/D                  |
| Path #91  | 1.400       | 1.413      | 0.228(17%)  | 1.185(83%) | 0.010      | -0.013 | 0.035             | Timed              | Same Clock        | 1            | 1      | FDRE/C-(4096)-RAMD64E-(1)-FDRE/D                                  | clk               | clk             | None      | None-None     | 0            | 0             | 0       | 4096        | 0          | 0          | FDRE/C                    | FDRE/D                  | weight_rd_addr_reg[0][0]/C          | rd_data_ram_reg[60]/D                 |
| Path #92  | 1.400       | 1.255      | 0.228(19%)  | 1.027(81%) | -0.147     | -0.013 | 0.035             | Timed              | Same Clock        | 1            | 1      | FDRE/C-(4096)-RAMD64E-(1)-FDRE/D                                  | clk               | clk             | None      | None-None     | 0            | 0             | 0       | 4096        | 0          | 0          | FDRE/C                    | FDRE/D                  | weight_rd_addr_reg[0][0]/C          | rd_data_ram_reg[47]/D                 |
| Path #93  | 1.400       | 1.408      | 0.205(15%)  | 1.203(85%) | 0.006      | -0.012 | 0.035             | Timed              | Same Clock        | 1            | 1      | FDRE/C-(4096)-RAMD64E-(1)-FDRE/D                                  | clk               | clk             | None      | None-None     | 0            | 0             | 0       | 4096        | 0          | 0          | FDRE/C                    | FDRE/D                  | weight_rd_addr_reg[0][1]/C          | rd_data_ram_reg[32]/D                 |
| Path #94  | 1.400       | 1.265      | 0.230(19%)  | 1.035(81%) | -0.137     | -0.012 | 0.035             | Timed              | Same Clock        | 1            | 1      | FDRE/C-(4096)-RAMD64E-(1)-FDRE/D                                  | clk               | clk             | None      | None-None     | 0            | 0             | 0       | 4096        | 0          | 0          | FDRE/C                    | FDRE/D                  | weight_rd_addr_reg[0][0]/C          | rd_data_ram_reg[7]/D                  |
| Path #95  | 1.400       | 1.345      | 0.169(13%)  | 1.176(87%) | -0.056     | -0.011 | 0.035             | Timed              | Same Clock        | 1            | 1      | FDRE/C-(4096)-RAMD64E-(1)-FDRE/D                                  | clk               | clk             | None      | None-None     | 0            | 0             | 0       | 4096        | 0          | 0          | FDRE/C                    | FDRE/D                  | weight_rd_addr_reg[0][3]/C          | rd_data_ram_reg[45]/D                 |
| Path #96  | 1.400       | 1.410      | 0.119(9%)   | 1.291(91%) | 0.009      | -0.011 | 0.035             | Timed              | Same Clock        | 1            | 1      | FDRE/C-(4096)-RAMD64E-(1)-FDRE/D                                  | clk               | clk             | None      | None-None     | 0            | 0             | 0       | 4096        | 0          | 0          | FDRE/C                    | FDRE/D                  | weight_rd_addr_reg[0][5]/C          | rd_data_ram_reg[0]/D                  |
| Path #97  | 1.400       | 1.355      | 0.171(13%)  | 1.184(87%) | -0.045     | -0.011 | 0.035             | Timed              | Same Clock        | 1            | 1      | FDRE/C-(4096)-RAMD64E-(1)-FDRE/D                                  | clk               | clk             | None      | None-None     | 0            | 0             | 0       | 4096        | 0          | 0          | FDRE/C                    | FDRE/D                  | weight_rd_addr_reg[0][3]/C          | rd_data_ram_reg[0]/D                  |
| Path #98  | 1.400       | 1.218      | 0.391(33%)  | 0.827(67%) | -0.097     | -0.011 | 0.035             | Timed              | Same Clock        | 3            | 4      | FDRE/C-(10)-LUT5-(3)-LUT6-(8)-LUT2-(67)-FDRE/CE                   | clk               | clk             | None      | None-None     | 0            | 0             | 0       | 67          | 0          | 0          | FDRE/C                    | FDRE/CE                 | elements_r_reg[0]/C                 | rd_data_r_reg[23]/CE                  |
| Path #99  | 1.400       | 1.218      | 0.391(33%)  | 0.827(67%) | -0.097     | -0.011 | 0.035             | Timed              | Same Clock        | 3            | 4      | FDRE/C-(10)-LUT5-(3)-LUT6-(8)-LUT2-(67)-FDRE/CE                   | clk               | clk             | None      | None-None     | 0            | 0             | 0       | 67          | 0          | 0          | FDRE/C                    | FDRE/CE                 | elements_r_reg[0]/C                 | rd_data_r_reg[32]/CE                  |
| Path #100 | 1.400       | 1.414      | 0.119(9%)   | 1.295(91%) | 0.014      | -0.010 | 0.035             | Timed              | Same Clock        | 1            | 1      | FDRE/C-(4096)-RAMD64E-(1)-FDRE/D                                  | clk               | clk             | None      | None-None     | 0            | 0             | 0       | 4096        | 0          | 0          | FDRE/C                    | FDRE/D                  | weight_rd_addr_reg[0][5]/C          | rd_data_ram_reg[42]/D                 |
| Path #101 | 1.400       | 1.410      | 0.204(15%)  | 1.206(85%) | 0.010      | -0.010 | 0.035             | Timed              | Same Clock        | 1            | 1      | FDRE/C-(4096)-RAMD64E-(1)-FDRE/D                                  | clk               | clk             | None      | None-None     | 0            | 0             | 0       | 4096        | 0          | 0          | FDRE/C                    | FDRE/D                  | weight_rd_addr_reg[0][1]/C          | rd_data_ram_reg[41]/D                 |
| Path #102 | 1.400       | 1.328      | 0.132(10%)  | 1.196(90%) | -0.072     | -0.010 | 0.035             | Timed              | Same Clock        | 1            | 1      | FDRE/C-(4096)-RAMD64E-(1)-FDRE/D                                  | clk               | clk             | None      | None-None     | 0            | 0             | 0       | 4096        | 0          | 0          | FDRE/C                    | FDRE/D                  | weight_rd_addr_reg[0][4]/C          | rd_data_ram_reg[63]/D                 |
| Path #103 | 1.400       | 1.209      | 0.349(29%)  | 0.860(71%) | -0.104     | -0.009 | 0.035             | Timed              | Same Clock        | 2            | 3      | FDRE/C-(107)-LUT2-(2)-LUT6-(97)-FDRE/CE                           | clk               | clk             | None      | None-None     | 0            | 0             | 0       | 107         | 0          | 0          | FDRE/C                    | FDRE/CE                 | state_r_reg[0]/C                    | weight_rd_addr_reg[0][2]_replica_6/CE |
| Path #104 | 1.400       | 1.422      | 0.118(9%)   | 1.304(91%) | 0.023      | -0.009 | 0.035             | Timed              | Same Clock        | 1            | 1      | FDRE/C-(4096)-RAMD64E-(1)-FDRE/D                                  | clk               | clk             | None      | None-None     | 0            | 0             | 0       | 4096        | 0          | 0          | FDRE/C                    | FDRE/D                  | weight_rd_addr_reg[0][5]/C          | rd_data_ram_reg[2]/D                  |
| Path #105 | 1.400       | 1.165      | 0.079(7%)   | 1.086(93%) | -0.152     | -0.009 | 0.035             | Timed              | Same Clock        | 0            | 1      | FDRE/C-(64)-RAMD64E/I                                             | clk               | clk             | None      | None-None     | 0            | 0             | 0       | 64          | 0          | 0          | FDRE/C                    | RAMD64E/I               | cfg_weight_wr_data_pipe_r_reg[50]/C | RAMB/I                                |
| Path #106 | 1.400       | 1.301      | 0.131(11%)  | 1.170(89%) | -0.097     | -0.008 | 0.035             | Timed              | Same Clock        | 1            | 1      | FDRE/C-(4096)-RAMD64E-(1)-FDRE/D                                  | clk               | clk             | None      | None-None     | 0            | 0             | 0       | 4096        | 0          | 0          | FDRE/C                    | FDRE/D                  | weight_rd_addr_reg[0][4]/C          | rd_data_ram_reg[33]/D                 |
| Path #107 | 1.400       | 1.407      | 0.169(13%)  | 1.238(87%) | 0.009      | -0.008 | 0.035             | Timed              | Same Clock        | 1            | 1      | FDRE/C-(4096)-RAMD64E-(1)-FDRE/D                                  | clk               | clk             | None      | None-None     | 0            | 0             | 0       | 4096        | 0          | 0          | FDRE/C                    | FDRE/D                  | weight_rd_addr_reg[0][3]/C          | rd_data_ram_reg[44]/D                 |
| Path #108 | 1.400       | 1.227      | 0.443(37%)  | 0.784(63%) | -0.086     | -0.008 | 0.035             | Timed              | Same Clock        | 3            | 4      | FDRE/C-(33)-LUT6-(3)-LUT6-(2)-LUT2-(7)-FDRE/CE                    | clk               | clk             | None      | None-None     | 0            | 0             | 0       | 33          | 0          | 0          | FDRE/C                    | FDRE/CE                 | total_bytes_reg[2]/C                | mem_data_r_reg[35]/CE                 |
| Path #109 | 1.400       | 1.227      | 0.443(37%)  | 0.784(63%) | -0.086     | -0.008 | 0.035             | Timed              | Same Clock        | 3            | 4      | FDRE/C-(33)-LUT6-(3)-LUT6-(2)-LUT2-(7)-FDRE/CE                    | clk               | clk             | None      | None-None     | 0            | 0             | 0       | 33          | 0          | 0          | FDRE/C                    | FDRE/CE                 | total_bytes_reg[2]/C                | mem_data_r_reg[37]/CE                 |
| Path #110 | 1.400       | 1.227      | 0.443(37%)  | 0.784(63%) | -0.086     | -0.008 | 0.035             | Timed              | Same Clock        | 3            | 4      | FDRE/C-(33)-LUT6-(3)-LUT6-(2)-LUT2-(7)-FDRE/CE                    | clk               | clk             | None      | None-None     | 0            | 0             | 0       | 33          | 0          | 0          | FDRE/C                    | FDRE/CE                 | total_bytes_reg[2]/C                | mem_data_r_reg[38]/CE                 |
| Path #111 | 1.400       | 1.288      | 0.131(11%)  | 1.157(89%) | -0.109     | -0.007 | 0.035             | Timed              | Same Clock        | 1            | 1      | FDRE/C-(4096)-RAMD64E-(1)-FDRE/D                                  | clk               | clk             | None      | None-None     | 0            | 0             | 0       | 4096        | 0          | 0          | FDRE/C                    | FDRE/D                  | weight_rd_addr_reg[0][4]/C          | rd_data_ram_reg[26]/D                 |
| Path #112 | 1.400       | 1.232      | 0.351(29%)  | 0.881(71%) | -0.065     | -0.006 | 0.035             | Timed              | Same Clock        | 2            | 3      | FDRE/C-(10)-LUT5-(65)-LUT3-(64)-FDRE/R                            | clk               | clk             | None      | None-None     | 0            | 0             | 0       | 65          | 0          | 0          | FDRE/C                    | FDRE/R                  | wraddr_reg[1]/C                     | mem_reg[451]/R                        |
| Path #113 | 1.400       | 1.232      | 0.351(29%)  | 0.881(71%) | -0.065     | -0.006 | 0.035             | Timed              | Same Clock        | 2            | 3      | FDRE/C-(10)-LUT5-(65)-LUT3-(64)-FDRE/R                            | clk               | clk             | None      | None-None     | 0            | 0             | 0       | 65          | 0          | 0          | FDRE/C                    | FDRE/R                  | wraddr_reg[1]/C                     | mem_reg[459]/R                        |
| Path #114 | 1.400       | 1.232      | 0.351(29%)  | 0.881(71%) | -0.065     | -0.006 | 0.035             | Timed              | Same Clock        | 2            | 3      | FDRE/C-(10)-LUT5-(65)-LUT3-(64)-FDRE/R                            | clk               | clk             | None      | None-None     | 0            | 0             | 0       | 65          | 0          | 0          | FDRE/C                    | FDRE/R                  | wraddr_reg[1]/C                     | mem_reg[467]/R                        |
| Path #115 | 1.400       | 1.232      | 0.351(29%)  | 0.881(71%) | -0.065     | -0.006 | 0.035             | Timed              | Same Clock        | 2            | 3      | FDRE/C-(10)-LUT5-(65)-LUT3-(64)-FDRE/R                            | clk               | clk             | None      | None-None     | 0            | 0             | 0       | 65          | 0          | 0          | FDRE/C                    | FDRE/R                  | wraddr_reg[1]/C                     | mem_reg[475]/R                        |
| Path #116 | 1.400       | 1.232      | 0.351(29%)  | 0.881(71%) | -0.065     | -0.006 | 0.035             | Timed              | Same Clock        | 2            | 3      | FDRE/C-(10)-LUT5-(65)-LUT3-(64)-FDRE/R                            | clk               | clk             | None      | None-None     | 0            | 0             | 0       | 65          | 0          | 0          | FDRE/C                    | FDRE/R                  | wraddr_reg[1]/C                     | mem_reg[483]/R                        |
| Path #117 | 1.400       | 1.232      | 0.351(29%)  | 0.881(71%) | -0.065     | -0.006 | 0.035             | Timed              | Same Clock        | 2            | 3      | FDRE/C-(10)-LUT5-(65)-LUT3-(64)-FDRE/R                            | clk               | clk             | None      | None-None     | 0            | 0             | 0       | 65          | 0          | 0          | FDRE/C                    | FDRE/R                  | wraddr_reg[1]/C                     | mem_reg[491]/R                        |
| Path #118 | 1.400       | 1.232      | 0.351(29%)  | 0.881(71%) | -0.065     | -0.006 | 0.035             | Timed              | Same Clock        | 2            | 3      | FDRE/C-(10)-LUT5-(65)-LUT3-(64)-FDRE/R                            | clk               | clk             | None      | None-None     | 0            | 0             | 0       | 65          | 0          | 0          | FDRE/C                    | FDRE/R                  | wraddr_reg[1]/C                     | mem_reg[499]/R                        |
| Path #119 | 1.400       | 1.232      | 0.351(29%)  | 0.881(71%) | -0.065     | -0.006 | 0.035             | Timed              | Same Clock        | 2            | 3      | FDRE/C-(10)-LUT5-(65)-LUT3-(64)-FDRE/R                            | clk               | clk             | None      | None-None     | 0            | 0             | 0       | 65          | 0          | 0          | FDRE/C                    | FDRE/R                  | wraddr_reg[1]/C                     | mem_reg[507]/R                        |
| Path #120 | 1.400       | 1.328      | 0.132(10%)  | 1.196(90%) | -0.068     | -0.006 | 0.035             | Timed              | Same Clock        | 1            | 1      | FDRE/C-(4096)-RAMD64E-(1)-FDRE/D                                  | clk               | clk             | None      | None-None     | 0            | 0             | 0       | 4096        | 0          | 0          | FDRE/C                    | FDRE/D                  | weight_rd_addr_reg[0][4]/C          | rd_data_ram_reg[1]/D                  |
| Path #121 | 1.400       | 1.344      | 0.230(18%)  | 1.114(82%) | -0.052     | -0.006 | 0.035             | Timed              | Same Clock        | 1            | 1      | FDRE/C-(4096)-RAMD64E-(1)-FDRE/D                                  | clk               | clk             | None      | None-None     | 0            | 0             | 0       | 4096        | 0          | 0          | FDRE/C                    | FDRE/D                  | weight_rd_addr_reg[0][0]/C          | rd_data_ram_reg[27]/D                 |
| Path #122 | 1.400       | 1.234      | 0.368(30%)  | 0.866(70%) | -0.077     | -0.006 | 0.035             | Timed              | Same Clock        | 4            | 5      | FDRE/C-(86)-LUT6-(3)-LUT3-(1)-LUT6-(2)-LUT2-(7)-FDRE/CE           | clk               | clk             | None      | None-None     | 0            | 0             | 0       | 86          | 0          | 0          | FDRE/C                    | FDRE/CE                 | wr_ptr_r_reg[2]/C                   | mem_data_r_reg[75]/CE                 |
| Path #123 | 1.400       | 1.232      | 0.368(30%)  | 0.864(70%) | -0.079     | -0.006 | 0.035             | Timed              | Same Clock        | 4            | 5      | FDRE/C-(86)-LUT6-(3)-LUT3-(1)-LUT6-(2)-LUT2-(7)-FDRE/CE           | clk               | clk             | None      | None-None     | 0            | 0             | 0       | 86          | 0          | 0          | FDRE/C                    | FDRE/CE                 | wr_ptr_r_reg[2]/C                   | mem_data_r_reg[74]/CE                 |
| Path #124 | 1.400       | 1.389      | 0.230(17%)  | 1.159(83%) | -0.007     | -0.006 | 0.035             | Timed              | Same Clock        | 1            | 1      | FDRE/C-(4096)-RAMD64E-(1)-FDRE/D                                  | clk               | clk             | None      | None-None     | 0            | 0             | 0       | 4096        | 0          | 0          | FDRE/C                    | FDRE/D                  | weight_rd_addr_reg[0][0]/C          | rd_data_ram_reg[6]/D                  |
| Path #125 | 1.400       | 1.340      | 0.171(13%)  | 1.169(87%) | -0.055     | -0.006 | 0.035             | Timed              | Same Clock        | 1            | 1      | FDRE/C-(4096)-RAMD64E-(1)-FDRE/D                                  | clk               | clk             | None      | None-None     | 0            | 0             | 0       | 4096        | 0          | 0          | FDRE/C                    | FDRE/D                  | weight_rd_addr_reg[0][3]/C          | rd_data_ram_reg[55]/D                 |
| Path #126 | 1.400       | 1.266      | 0.181(15%)  | 1.085(85%) | -0.129     | -0.006 | 0.035             | Timed              | Same Clock        | 1            | 1      | FDRE/C-(4096)-RAMD64E-(1)-FDRE/D                                  | clk               | clk             | None      | None-None     | 0            | 0             | 0       | 4096        | 0          | 0          | FDRE/C                    | FDRE/D                  | weight_rd_addr_reg[0][2]/C          | rd_data_ram_reg[11]/D                 |
| Path #127 | 1.400       | 1.286      | 0.205(16%)  | 1.081(84%) | -0.109     | -0.006 | 0.035             | Timed              | Same Clock        | 1            | 1      | FDRE/C-(4096)-RAMD64E-(1)-FDRE/D                                  | clk               | clk             | None      | None-None     | 0            | 0             | 0       | 4096        | 0          | 0          | FDRE/C                    | FDRE/D                  | weight_rd_addr_reg[0][1]/C          | rd_data_ram_reg[53]/D                 |
| Path #128 | 1.400       | 1.248      | 0.443(36%)  | 0.805(64%) | -0.061     | -0.006 | 0.035             | Timed              | Same Clock        | 3            | 4      | FDRE/C-(33)-LUT6-(3)-LUT6-(2)-LUT2-(7)-FDRE/CE                    | clk               | clk             | None      | None-None     | 0            | 0             | 0       | 33          | 0          | 0          | FDRE/C                    | FDRE/CE                 | total_bytes_reg[2]/C                | mem_data_r_reg[32]/CE                 |
| Path #129 | 1.400       | 1.269      | 0.204(17%)  | 1.065(83%) | -0.126     | -0.006 | 0.035             | Timed              | Same Clock        | 1            | 1      | FDRE/C-(4096)-RAMD64E-(1)-FDRE/D                                  | clk               | clk             | None      | None-None     | 0            | 0             | 0       | 4096        | 0          | 0          | FDRE/C                    | FDRE/D                  | weight_rd_addr_reg[0][1]/C          | rd_data_ram_reg[27]/D                 |
| Path #130 | 1.400       | 1.325      | 0.203(16%)  | 1.122(84%) | -0.070     | -0.005 | 0.035             | Timed              | Same Clock        | 1            | 1      | FDRE/C-(4096)-RAMD64E-(1)-FDRE/D                                  | clk               | clk             | None      | None-None     | 0            | 0             | 0       | 4096        | 0          | 0          | FDRE/C                    | FDRE/D                  | weight_rd_addr_reg[0][1]/C          | rd_data_ram_reg[45]/D                 |
| Path #131 | 1.400       | 1.399      | 0.204(15%)  | 1.195(85%) | 0.004      | -0.005 | 0.035             | Timed              | Same Clock        | 1            | 1      | FDRE/C-(4096)-RAMD64E-(1)-FDRE/D                                  | clk               | clk             | None      | None-None     | 0            | 0             | 0       | 4096        | 0          | 0          | FDRE/C                    | FDRE/D                  | weight_rd_addr_reg[0][1]/C          | rd_data_ram_reg[2]/D                  |
| Path #132 | 1.400       | 1.339      | 0.169(13%)  | 1.170(87%) | -0.056     | -0.005 | 0.035             | Timed              | Same Clock        | 1            | 1      | FDRE/C-(4096)-RAMD64E-(1)-FDRE/D                                  | clk               | clk             | None      | None-None     | 0            | 0             | 0       | 4096        | 0          | 0          | FDRE/C                    | FDRE/D                  | weight_rd_addr_reg[0][3]/C          | rd_data_ram_reg[44]/D                 |
| Path #133 | 1.400       | 1.281      | 0.222(18%)  | 1.059(82%) | -0.028     | -0.005 | 0.035             | Timed              | Same Clock        | 1            | 2      | FDRE/C-(107)-LUT3-(4)-FDRE/CE                                     | clk               | clk             | None      | None-None     | 0            | 0             | 0       | 107         | 0          | 0          | FDRE/C                    | FDRE/CE                 | state_r_reg[0]/C                    | w_bank_addr_r_reg[8][0]/CE            |
| Path #134 | 1.400       | 1.231      | 0.228(19%)  | 1.003(81%) | -0.164     | -0.005 | 0.035             | Timed              | Same Clock        | 1            | 1      | FDRE/C-(4096)-RAMD64E-(1)-FDRE/D                                  | clk               | clk             | None      | None-None     | 0            | 0             | 0       | 4096        | 0          | 0          | FDRE/C                    | FDRE/D                  | weight_rd_addr_reg[0][0]/C          | rd_data_ram_reg[61]/D                 |
| Path #135 | 1.400       | 1.343      | 0.228(17%)  | 1.115(83%) | -0.052     | -0.005 | 0.035             | Timed              | Same Clock        | 1            | 1      | FDRE/C-(4096)-RAMD64E-(1)-FDRE/D                                  | clk               | clk             | None      | None-None     | 0            | 0             | 0       | 4096        | 0          | 0          | FDRE/C                    | FDRE/D                  | weight_rd_addr_reg[0][0]/C          | rd_data_ram_reg[25]/D                 |
| Path #136 | 1.400       | 1.211      | 0.388(33%)  | 0.823(67%) | -0.099     | -0.005 | 0.035             | Timed              | Same Clock        | 3            | 4      | FDRE/C-(107)-LUT2-(2)-LUT6-(97)-LUT6-(4)-FDRE/CE                  | clk               | clk             | None      | None-None     | 0            | 0             | 0       | 107         | 0          | 0          | FDRE/C                    | FDRE/CE                 | state_r_reg[0]/C                    | elements_r_reg[2]/CE                  |
| Path #137 | 1.400       | 1.280      | 0.203(16%)  | 1.077(84%) | -0.115     | -0.005 | 0.035             | Timed              | Same Clock        | 1            | 1      | FDRE/C-(4096)-RAMD64E-(1)-FDRE/D                                  | clk               | clk             | None      | None-None     | 0            | 0             | 0       | 4096        | 0          | 0          | FDRE/C                    | FDRE/D                  | weight_rd_addr_reg[0][1]/C          | rd_data_ram_reg[10]/D                 |
| Path #138 | 1.400       | 1.384      | 0.230(17%)  | 1.154(83%) | -0.011     | -0.005 | 0.035             | Timed              | Same Clock        | 1            | 1      | FDRE/C-(4096)-RAMD64E-(1)-FDRE/D                                  | clk               | clk             | None      | None-None     | 0            | 0             | 0       | 4096        | 0          | 0          | FDRE/C                    | FDRE/D                  | weight_rd_addr_reg[0][0]/C          | rd_data_ram_reg[34]/D                 |
| Path #139 | 1.400       | 1.172      | 0.078(7%)   | 1.094(93%) | -0.223     | -0.005 | 0.035             | Timed              | Same Clock        | 0            | 1      | FDRE/C-(19)-FDRE/D                                                | clk               | clk             | None      | None-None     | 1            | 0             | 0       | 19          | 0          | 0          | FDRE/C                    | FDRE/D                  | rd_data_r_reg[1]/C                  | mem_reg[65]/D                         |
| Path #140 | 1.400       | 1.346      | 0.204(16%)  | 1.142(84%) | -0.048     | -0.005 | 0.035             | Timed              | Same Clock        | 1            | 1      | FDRE/C-(4096)-RAMD64E-(1)-FDRE/D                                  | clk               | clk             | None      | None-None     | 0            | 0             | 0       | 4096        | 0          | 0          | FDRE/C                    | FDRE/D                  | weight_rd_addr_reg[0][1]/C          | rd_data_ram_reg[30]/D                 |
| Path #141 | 1.400       | 1.385      | 0.228(17%)  | 1.157(83%) | -0.009     | -0.005 | 0.035             | Timed              | Same Clock        | 1            | 1      | FDRE/C-(4096)-RAMD64E-(1)-FDRE/D                                  | clk               | clk             | None      | None-None     | 0            | 0             | 0       | 4096        | 0          | 0          | FDRE/C                    | FDRE/D                  | weight_rd_addr_reg[0][0]/C          | rd_data_ram_reg[47]/D                 |
| Path #142 | 1.400       | 1.401      | 0.170(13%)  | 1.231(87%) | 0.007      | -0.004 | 0.035             | Timed              | Same Clock        | 1            | 1      | FDRE/C-(4096)-RAMD64E-(1)-FDRE/D                                  | clk               | clk             | None      | None-None     | 0            | 0             | 0       | 4096        | 0          | 0          | FDRE/C                    | FDRE/D                  | weight_rd_addr_reg[0][3]/C          | rd_data_ram_reg[29]/D                 |
| Path #143 | 1.400       | 1.237      | 0.225(19%)  | 1.012(81%) | -0.157     | -0.004 | 0.035             | Timed              | Same Clock        | 1            | 1      | FDRE/C-(4096)-RAMD64E-(1)-FDRE/D                                  | clk               | clk             | None      | None-None     | 0            | 0             | 0       | 4096        | 0          | 0          | FDRE/C                    | FDRE/D                  | weight_rd_addr_reg[0][0]/C          | rd_data_ram_reg[16]/D                 |
| Path #144 | 1.400       | 1.254      | 0.475(38%)  | 0.779(62%) | -0.055     | -0.004 | 0.035             | Timed              | Same Clock        | 4            | 5      | FDRE/C-(3)-LUT6-(1)-LUT6-(3)-LUT5-(33)-LUT3-(32)-FDRE/CE          | clk               | clk             | None      | None-None     | 0            | 0             | 0       | 33          | 0          | 0          | FDRE/C                    | FDRE/CE                 | remaining_count_r_reg[11]/C         | remaining_count_r_reg[19]/CE          |
| Path #145 | 1.400       | 1.254      | 0.475(38%)  | 0.779(62%) | -0.055     | -0.004 | 0.035             | Timed              | Same Clock        | 4            | 5      | FDRE/C-(3)-LUT6-(1)-LUT6-(3)-LUT5-(33)-LUT3-(32)-FDRE/CE          | clk               | clk             | None      | None-None     | 0            | 0             | 0       | 33          | 0          | 0          | FDRE/C                    | FDRE/CE                 | remaining_count_r_reg[11]/C         | remaining_count_r_reg[7]/CE           |
| Path #146 | 1.400       | 1.254      | 0.475(38%)  | 0.779(62%) | -0.055     | -0.004 | 0.035             | Timed              | Same Clock        | 4            | 5      | FDRE/C-(3)-LUT6-(1)-LUT6-(3)-LUT5-(33)-LUT3-(32)-FDRE/CE          | clk               | clk             | None      | None-None     | 0            | 0             | 0       | 33          | 0          | 0          | FDRE/C                    | FDRE/CE                 | remaining_count_r_reg[11]/C         | remaining_count_r_reg[8]/CE           |
| Path #147 | 1.400       | 1.277      | 0.205(17%)  | 1.072(83%) | -0.117     | -0.004 | 0.035             | Timed              | Same Clock        | 1            | 1      | FDRE/C-(4096)-RAMD64E-(1)-FDRE/D                                  | clk               | clk             | None      | None-None     | 0            | 0             | 0       | 4096        | 0          | 0          | FDRE/C                    | FDRE/D                  | weight_rd_addr_reg[0][1]/C          | rd_data_ram_reg[4]/D                  |
| Path #148 | 1.400       | 1.288      | 0.203(16%)  | 1.085(84%) | -0.106     | -0.004 | 0.035             | Timed              | Same Clock        | 1            | 1      | FDRE/C-(4096)-RAMD64E-(1)-FDRE/D                                  | clk               | clk             | None      | None-None     | 0            | 0             | 0       | 4096        | 0          | 0          | FDRE/C                    | FDRE/D                  | weight_rd_addr_reg[0][1]/C          | rd_data_ram_reg[17]/D                 |
| Path #149 | 1.400       | 1.263      | 0.181(15%)  | 1.082(85%) | -0.131     | -0.004 | 0.035             | Timed              | Same Clock        | 1            | 1      | FDRE/C-(4096)-RAMD64E-(1)-FDRE/D                                  | clk               | clk             | None      | None-None     | 0            | 0             | 0       | 4096        | 0          | 0          | FDRE/C                    | FDRE/D                  | weight_rd_addr_reg[0][2]/C          | rd_data_ram_reg[4]/D                  |
| Path #150 | 1.400       | 1.371      | 0.228(17%)  | 1.143(83%) | -0.022     | -0.003 | 0.035             | Timed              | Same Clock        | 1            | 1      | FDRE/C-(4096)-RAMD64E-(1)-FDRE/D                                  | clk               | clk             | None      | None-None     | 0            | 0             | 0       | 4096        | 0          | 0          | FDRE/C                    | FDRE/D                  | weight_rd_addr_reg[0][0]/C          | rd_data_ram_reg[26]/D                 |
| Path #151 | 1.400       | 1.209      | 0.388(33%)  | 0.821(67%) | -0.099     | -0.003 | 0.035             | Timed              | Same Clock        | 3            | 4      | FDRE/C-(107)-LUT2-(2)-LUT6-(97)-LUT6-(4)-FDRE/CE                  | clk               | clk             | None      | None-None     | 0            | 0             | 0       | 107         | 0          | 0          | FDRE/C                    | FDRE/CE                 | state_r_reg[0]/C                    | elements_r_reg[0]/CE                  |
| Path #152 | 1.400       | 1.209      | 0.388(33%)  | 0.821(67%) | -0.099     | -0.003 | 0.035             | Timed              | Same Clock        | 3            | 4      | FDRE/C-(107)-LUT2-(2)-LUT6-(97)-LUT6-(4)-FDRE/CE                  | clk               | clk             | None      | None-None     | 0            | 0             | 0       | 107         | 0          | 0          | FDRE/C                    | FDRE/CE                 | state_r_reg[0]/C                    | elements_r_reg[1]/CE                  |
| Path #153 | 1.400       | 1.325      | 0.133(11%)  | 1.192(89%) | -0.068     | -0.003 | 0.035             | Timed              | Same Clock        | 1            | 1      | FDRE/C-(4096)-RAMD64E-(1)-FDRE/D                                  | clk               | clk             | None      | None-None     | 0            | 0             | 0       | 4096        | 0          | 0          | FDRE/C                    | FDRE/D                  | weight_rd_addr_reg[0][4]/C          | rd_data_ram_reg[0]/D                  |
| Path #154 | 1.400       | 1.389      | 0.230(17%)  | 1.159(83%) | -0.004     | -0.003 | 0.035             | Timed              | Same Clock        | 1            | 1      | FDRE/C-(4096)-RAMD64E-(1)-FDRE/D                                  | clk               | clk             | None      | None-None     | 0            | 0             | 0       | 4096        | 0          | 0          | FDRE/C                    | FDRE/D                  | weight_rd_addr_reg[0][0]/C          | rd_data_ram_reg[27]/D                 |
| Path #155 | 1.400       | 1.297      | 0.132(11%)  | 1.165(89%) | -0.096     | -0.003 | 0.035             | Timed              | Same Clock        | 1            | 1      | FDRE/C-(4096)-RAMD64E-(1)-FDRE/D                                  | clk               | clk             | None      | None-None     | 0            | 0             | 0       | 4096        | 0          | 0          | FDRE/C                    | FDRE/D                  | weight_rd_addr_reg[0][4]/C          | rd_data_ram_reg[29]/D                 |
| Path #156 | 1.400       | 1.320      | 0.225(18%)  | 1.095(82%) | -0.072     | -0.003 | 0.035             | Timed              | Same Clock        | 1            | 1      | FDRE/C-(4096)-RAMD64E-(1)-FDRE/D                                  | clk               | clk             | None      | None-None     | 0            | 0             | 0       | 4096        | 0          | 0          | FDRE/C                    | FDRE/D                  | weight_rd_addr_reg[0][0]/C          | rd_data_ram_reg[59]/D                 |
| Path #157 | 1.400       | 1.333      | 0.169(13%)  | 1.164(87%) | -0.059     | -0.003 | 0.035             | Timed              | Same Clock        | 1            | 1      | FDRE/C-(4096)-RAMD64E-(1)-FDRE/D                                  | clk               | clk             | None      | None-None     | 0            | 0             | 0       | 4096        | 0          | 0          | FDRE/C                    | FDRE/D                  | weight_rd_addr_reg[0][3]/C          | rd_data_ram_reg[3]/D                  |
| Path #158 | 1.400       | 1.328      | 0.228(18%)  | 1.100(82%) | -0.064     | -0.003 | 0.035             | Timed              | Same Clock        | 1            | 1      | FDRE/C-(4096)-RAMD64E-(1)-FDRE/D                                  | clk               | clk             | None      | None-None     | 0            | 0             | 0       | 4096        | 0          | 0          | FDRE/C                    | FDRE/D                  | weight_rd_addr_reg[0][0]/C          | rd_data_ram_reg[33]/D                 |
| Path #159 | 1.400       | 1.279      | 0.230(18%)  | 1.049(82%) | -0.113     | -0.003 | 0.035             | Timed              | Same Clock        | 1            | 1      | FDRE/C-(4096)-RAMD64E-(1)-FDRE/D                                  | clk               | clk             | None      | None-None     | 0            | 0             | 0       | 4096        | 0          | 0          | FDRE/C                    | FDRE/D                  | weight_rd_addr_reg[0][0]/C          | rd_data_ram_reg[13]/D                 |
| Path #160 | 1.400       | 1.274      | 0.228(18%)  | 1.046(82%) | -0.118     | -0.003 | 0.035             | Timed              | Same Clock        | 1            | 1      | FDRE/C-(4096)-RAMD64E-(1)-FDRE/D                                  | clk               | clk             | None      | None-None     | 0            | 0             | 0       | 4096        | 0          | 0          | FDRE/C                    | FDRE/D                  | weight_rd_addr_reg[0][0]/C          | rd_data_ram_reg[25]/D                 |
| Path #161 | 1.400       | 1.404      | 0.204(15%)  | 1.200(85%) | 0.011      | -0.003 | 0.035             | Timed              | Same Clock        | 1            | 1      | FDRE/C-(4096)-RAMD64E-(1)-FDRE/D                                  | clk               | clk             | None      | None-None     | 0            | 0             | 0       | 4096        | 0          | 0          | FDRE/C                    | FDRE/D                  | weight_rd_addr_reg[0][1]/C          | rd_data_ram_reg[40]/D                 |
| Path #162 | 1.400       | 1.206      | 0.391(33%)  | 0.815(67%) | -0.100     | -0.003 | 0.035             | Timed              | Same Clock        | 3            | 4      | FDRE/C-(10)-LUT5-(3)-LUT6-(8)-LUT2-(67)-FDRE/CE                   | clk               | clk             | None      | None-None     | 0            | 0             | 0       | 67          | 0          | 0          | FDRE/C                    | FDRE/CE                 | elements_r_reg[0]/C                 | rd_data_r_reg[39]/CE                  |
| Path #163 | 1.400       | 1.206      | 0.391(33%)  | 0.815(67%) | -0.100     | -0.003 | 0.035             | Timed              | Same Clock        | 3            | 4      | FDRE/C-(10)-LUT5-(3)-LUT6-(8)-LUT2-(67)-FDRE/CE                   | clk               | clk             | None      | None-None     | 0            | 0             | 0       | 67          | 0          | 0          | FDRE/C                    | FDRE/CE                 | elements_r_reg[0]/C                 | rd_data_r_reg[50]/CE                  |
| Path #164 | 1.400       | 1.234      | 0.228(19%)  | 1.006(81%) | -0.158     | -0.002 | 0.035             | Timed              | Same Clock        | 1            | 1      | FDRE/C-(4096)-RAMD64E-(1)-FDRE/D                                  | clk               | clk             | None      | None-None     | 0            | 0             | 0       | 4096        | 0          | 0          | FDRE/C                    | FDRE/D                  | weight_rd_addr_reg[0][0]/C          | rd_data_ram_reg[18]/D                 |
| Path #165 | 1.400       | 1.335      | 0.171(13%)  | 1.164(87%) | -0.056     | -0.002 | 0.035             | Timed              | Same Clock        | 1            | 1      | FDRE/C-(4096)-RAMD64E-(1)-FDRE/D                                  | clk               | clk             | None      | None-None     | 0            | 0             | 0       | 4096        | 0          | 0          | FDRE/C                    | FDRE/D                  | weight_rd_addr_reg[0][3]/C          | rd_data_ram_reg[62]/D                 |
| Path #166 | 1.400       | 1.316      | 0.228(18%)  | 1.088(82%) | -0.075     | -0.002 | 0.035             | Timed              | Same Clock        | 1            | 1      | FDRE/C-(4096)-RAMD64E-(1)-FDRE/D                                  | clk               | clk             | None      | None-None     | 0            | 0             | 0       | 4096        | 0          | 0          | FDRE/C                    | FDRE/D                  | weight_rd_addr_reg[0][0]/C          | rd_data_ram_reg[54]/D                 |
| Path #167 | 1.400       | 1.229      | 0.228(19%)  | 1.001(81%) | -0.162     | -0.001 | 0.035             | Timed              | Same Clock        | 1            | 1      | FDRE/C-(4096)-RAMD64E-(1)-FDRE/D                                  | clk               | clk             | None      | None-None     | 0            | 0             | 0       | 4096        | 0          | 0          | FDRE/C                    | FDRE/D                  | weight_rd_addr_reg[0][0]/C          | rd_data_ram_reg[40]/D                 |
| Path #168 | 1.400       | 1.377      | 0.228(17%)  | 1.149(83%) | -0.014     | -0.001 | 0.035             | Timed              | Same Clock        | 1            | 1      | FDRE/C-(4096)-RAMD64E-(1)-FDRE/D                                  | clk               | clk             | None      | None-None     | 0            | 0             | 0       | 4096        | 0          | 0          | FDRE/C                    | FDRE/D                  | weight_rd_addr_reg[0][0]/C          | rd_data_ram_reg[4]/D                  |
| Path #169 | 1.400       | 1.337      | 0.171(13%)  | 1.166(87%) | -0.054     | -0.001 | 0.035             | Timed              | Same Clock        | 1            | 1      | FDRE/C-(4096)-RAMD64E-(1)-FDRE/D                                  | clk               | clk             | None      | None-None     | 0            | 0             | 0       | 4096        | 0          | 0          | FDRE/C                    | FDRE/D                  | weight_rd_addr_reg[0][3]/C          | rd_data_ram_reg[20]/D                 |
| Path #170 | 1.400       | 1.388      | 0.204(15%)  | 1.184(85%) | -0.003     | -0.001 | 0.035             | Timed              | Same Clock        | 1            | 1      | FDRE/C-(4096)-RAMD64E-(1)-FDRE/D                                  | clk               | clk             | None      | None-None     | 0            | 0             | 0       | 4096        | 0          | 0          | FDRE/C                    | FDRE/D                  | weight_rd_addr_reg[0][1]/C          | rd_data_ram_reg[40]/D                 |
| Path #171 | 1.400       | 1.248      | 0.471(38%)  | 0.777(62%) | -0.058     | -0.001 | 0.035             | Timed              | Same Clock        | 4            | 5      | FDRE/C-(3)-LUT4-(1)-LUT6-(3)-LUT5-(33)-LUT3-(32)-FDRE/CE          | clk               | clk             | None      | None-None     | 0            | 0             | 0       | 33          | 0          | 0          | FDRE/C                    | FDRE/CE                 | remaining_count_r_reg[24]/C         | remaining_count_r_reg[11]/CE          |
| Path #172 | 1.400       | 1.248      | 0.471(38%)  | 0.777(62%) | -0.058     | -0.001 | 0.035             | Timed              | Same Clock        | 4            | 5      | FDRE/C-(3)-LUT4-(1)-LUT6-(3)-LUT5-(33)-LUT3-(32)-FDRE/CE          | clk               | clk             | None      | None-None     | 0            | 0             | 0       | 33          | 0          | 0          | FDRE/C                    | FDRE/CE                 | remaining_count_r_reg[24]/C         | remaining_count_r_reg[16]/CE          |
| Path #173 | 1.400       | 1.248      | 0.471(38%)  | 0.777(62%) | -0.058     | -0.001 | 0.035             | Timed              | Same Clock        | 4            | 5      | FDRE/C-(3)-LUT4-(1)-LUT6-(3)-LUT5-(33)-LUT3-(32)-FDRE/CE          | clk               | clk             | None      | None-None     | 0            | 0             | 0       | 33          | 0          | 0          | FDRE/C                    | FDRE/CE                 | remaining_count_r_reg[24]/C         | remaining_count_r_reg[18]/CE          |
| Path #174 | 1.400       | 1.248      | 0.471(38%)  | 0.777(62%) | -0.058     | -0.001 | 0.035             | Timed              | Same Clock        | 4            | 5      | FDRE/C-(3)-LUT4-(1)-LUT6-(3)-LUT5-(33)-LUT3-(32)-FDRE/CE          | clk               | clk             | None      | None-None     | 0            | 0             | 0       | 33          | 0          | 0          | FDRE/C                    | FDRE/CE                 | remaining_count_r_reg[24]/C         | remaining_count_r_reg[26]/CE          |
| Path #175 | 1.400       | 1.336      | 0.131(10%)  | 1.205(90%) | -0.055     | -0.001 | 0.035             | Timed              | Same Clock        | 1            | 1      | FDRE/C-(4096)-RAMD64E-(1)-FDRE/D                                  | clk               | clk             | None      | None-None     | 0            | 0             | 0       | 4096        | 0          | 0          | FDRE/C                    | FDRE/D                  | weight_rd_addr_reg[0][4]/C          | rd_data_ram_reg[37]/D                 |
| Path #176 | 1.400       | 1.405      | 0.204(15%)  | 1.201(85%) | 0.014      | -0.001 | 0.035             | Timed              | Same Clock        | 1            | 1      | FDRE/C-(4096)-RAMD64E-(1)-FDRE/D                                  | clk               | clk             | None      | None-None     | 0            | 0             | 0       | 4096        | 0          | 0          | FDRE/C                    | FDRE/D                  | weight_rd_addr_reg[0][1]/C          | rd_data_ram_reg[20]/D                 |
| Path #177 | 1.400       | 1.325      | 0.204(16%)  | 1.121(84%) | -0.065     | -0.001 | 0.035             | Timed              | Same Clock        | 1            | 1      | FDRE/C-(4096)-RAMD64E-(1)-FDRE/D                                  | clk               | clk             | None      | None-None     | 0            | 0             | 0       | 4096        | 0          | 0          | FDRE/C                    | FDRE/D                  | weight_rd_addr_reg[0][1]/C          | rd_data_ram_reg[63]/D                 |
| Path #178 | 1.400       | 1.256      | 0.225(18%)  | 1.031(82%) | -0.134     | -0.001 | 0.035             | Timed              | Same Clock        | 1            | 1      | FDRE/C-(4096)-RAMD64E-(1)-FDRE/D                                  | clk               | clk             | None      | None-None     | 0            | 0             | 0       | 4096        | 0          | 0          | FDRE/C                    | FDRE/D                  | weight_rd_addr_reg[0][0]/C          | rd_data_ram_reg[44]/D                 |
+-----------+-------------+------------+-------------+------------+------------+--------+-------------------+--------------------+-------------------+--------------+--------+-------------------------------------------------------------------+-------------------+-----------------+-----------+---------------+--------------+---------------+---------+-------------+------------+------------+---------------------------+-------------------------+-------------------------------------+---------------------------------------+
* Bounding box calculated as % of dimensions for the target device (5130, 1990)


2. Logic Level Distribution
---------------------------

+-----------------+-------------+---+-----+----+----+----+---+
| End Point Clock | Requirement | 0 |  1  |  2 |  3 |  4 | 5 |
+-----------------+-------------+---+-----+----+----+----+---+
| clk             | 1.400ns     | 5 | 119 | 23 | 16 | 14 | 1 |
+-----------------+-------------+---+-----+----+----+----+---+
* Columns represent the logic levels per end point clock
** Distribution is for top worst 178 paths


