Copyright 1986-2022 Xilinx, Inc. All Rights Reserved. Copyright 2022-2024 Advanced Micro Devices, Inc. All Rights Reserved.
-----------------------------------------------------------------------------------------------------------------------------------------------------------------------------------
| Tool Version : Vivado v.2024.2 (win64) Build 5239630 Fri Nov 08 22:35:27 MST 2024
| Date         : Sun Apr 12 00:40:11 2026
| Host         : Acey running 64-bit major release  (build 9200)
| Command      : report_design_analysis -timing -logic_level_distribution -of_timing_paths [get_timing_paths -max_paths 10000 -slack_lesser_than 0] -file ./outputs/route_vios.rpt
| Design       : bnn_fcc_timing
| Device       : xcu250
| Design State : Fully Placed
-----------------------------------------------------------------------------------------------------------------------------------------------------------------------------------

Report Design Analysis

Table of Contents
-----------------
1. Path Characteristics 1-20
2. Logic Level Distribution

1. Path Characteristics 1-20
----------------------------

+----------+-------------+------------+-------------+------------+------------+--------+-------------------+--------------------+-------------------+--------------+--------+------------------------------------------------------------------+-------------------+-----------------+-----------+---------------+--------------+---------------+---------+-------------+------------+------------+---------------------------+-------------------------+-------------------------+------------------------------------+
|   Paths  | Requirement | Path Delay | Logic Delay |  Net Delay | Clock Skew |  Slack | Clock Uncertainty | Clock Relationship | Clock Delay Group | Logic Levels | Routes |                           Logical Path                           | Start Point Clock | End Point Clock | DSP Block | RAM Registers | IO Crossings | SLR Crossings | PBlocks | High Fanout | Dont Touch | Mark Debug | Start Point Pin Primitive | End Point Pin Primitive |     Start Point Pin     |            End Point Pin           |
+----------+-------------+------------+-------------+------------+------------+--------+-------------------+--------------------+-------------------+--------------+--------+------------------------------------------------------------------+-------------------+-----------------+-----------+---------------+--------------+---------------+---------+-------------+------------+------------+---------------------------+-------------------------+-------------------------+------------------------------------+
| Path #1  | 1.500       | 1.272      | 0.295(24%)  | 0.977(76%) | -0.168     | -0.035 | 0.035             | Timed              | Same Clock        | 2            | 3      | FDRE/C-(37)-LUT2-(32)-LUT6-(8)-FDRE/CE                           | clk               | clk             | None      | None-None     | 0            | 0             | 0       | 37          | 0          | 0          | FDRE/C                    | FDRE/CE                 | wraddr_reg[6]/C         | mem_reg[555]/CE                    |
| Path #2  | 1.500       | 1.272      | 0.295(24%)  | 0.977(76%) | -0.168     | -0.035 | 0.035             | Timed              | Same Clock        | 2            | 3      | FDRE/C-(37)-LUT2-(32)-LUT6-(8)-FDRE/CE                           | clk               | clk             | None      | None-None     | 0            | 0             | 0       | 37          | 0          | 0          | FDRE/C                    | FDRE/CE                 | wraddr_reg[6]/C         | mem_reg[556]/CE                    |
| Path #3  | 1.500       | 1.272      | 0.295(24%)  | 0.977(76%) | -0.168     | -0.035 | 0.035             | Timed              | Same Clock        | 2            | 3      | FDRE/C-(37)-LUT2-(32)-LUT6-(8)-FDRE/CE                           | clk               | clk             | None      | None-None     | 0            | 0             | 0       | 37          | 0          | 0          | FDRE/C                    | FDRE/CE                 | wraddr_reg[6]/C         | mem_reg[558]/CE                    |
| Path #4  | 1.500       | 1.272      | 0.295(24%)  | 0.977(76%) | -0.168     | -0.035 | 0.035             | Timed              | Same Clock        | 2            | 3      | FDRE/C-(37)-LUT2-(32)-LUT6-(8)-FDRE/CE                           | clk               | clk             | None      | None-None     | 0            | 0             | 0       | 37          | 0          | 0          | FDRE/C                    | FDRE/CE                 | wraddr_reg[6]/C         | mem_reg[559]/CE                    |
| Path #5  | 1.500       | 1.430      | 0.308(22%)  | 1.122(78%) | -0.092     | -0.032 | 0.035             | Timed              | Same Clock        | 3            | 4      | FDRE/C-(1)-LUT6-(1)-LUT6-(1)-LUT6-(1)-FDRE/D                     | clk               | clk             | None      | None-None     | 0            | 0             | 0       | 1           | 0          | 0          | FDRE/C                    | FDRE/D                  | mem_reg[83]/C           | rd_data_r_reg[3]/D                 |
| Path #6  | 1.500       | 1.267      | 0.295(24%)  | 0.972(76%) | -0.166     | -0.028 | 0.035             | Timed              | Same Clock        | 2            | 3      | FDRE/C-(37)-LUT2-(32)-LUT6-(8)-FDRE/CE                           | clk               | clk             | None      | None-None     | 0            | 0             | 0       | 37          | 0          | 0          | FDRE/C                    | FDRE/CE                 | wraddr_reg[6]/C         | mem_reg[553]/CE                    |
| Path #7  | 1.500       | 1.265      | 0.295(24%)  | 0.970(76%) | -0.166     | -0.026 | 0.035             | Timed              | Same Clock        | 2            | 3      | FDRE/C-(37)-LUT2-(32)-LUT6-(8)-FDRE/CE                           | clk               | clk             | None      | None-None     | 0            | 0             | 0       | 37          | 0          | 0          | FDRE/C                    | FDRE/CE                 | wraddr_reg[6]/C         | mem_reg[554]/CE                    |
| Path #8  | 1.500       | 1.265      | 0.295(24%)  | 0.970(76%) | -0.166     | -0.026 | 0.035             | Timed              | Same Clock        | 2            | 3      | FDRE/C-(37)-LUT2-(32)-LUT6-(8)-FDRE/CE                           | clk               | clk             | None      | None-None     | 0            | 0             | 0       | 37          | 0          | 0          | FDRE/C                    | FDRE/CE                 | wraddr_reg[6]/C         | mem_reg[557]/CE                    |
| Path #9  | 1.500       | 1.328      | 0.446(34%)  | 0.882(66%) | -0.180     | -0.019 | 0.035             | Timed              | Same Clock        | 4            | 4      | FDRE/C-(11)-LUT6-(22)-LUT4-(3)-LUT4-(2)-LUT6-(1)-FDRE/D          | clk               | clk             | None      | None-None     | 0            | 0             | 0       | 22          | 0          | 0          | FDRE/C                    | FDRE/D                  | alm_full_reg/C          | mem_data_r_reg[103]/D              |
| Path #10 | 1.500       | 1.409      | 0.683(49%)  | 0.726(51%) | -0.098     | -0.017 | 0.035             | Timed              | Same Clock        | 5            | 5      | FDCE/C-(6)-LUT6-(6)-LUT5-(2)-LUT6-(1)-CARRY8-(1)-LUT4-(1)-FDRE/D | clk               | clk             | None      | None-None     | 0            | 0             | 0       | 6           | 0          | 0          | FDCE/C                    | FDRE/D                  | acc_r_reg[0]/C          | y_r_reg/D                          |
| Path #11 | 1.500       | 1.186      | 0.238(21%)  | 0.948(79%) | -0.236     | -0.016 | 0.035             | Timed              | Same Clock        | 2            | 3      | FDRE/C-(37)-LUT2-(32)-LUT6-(8)-FDRE/CE                           | clk               | clk             | None      | None-None     | 0            | 0             | 0       | 37          | 0          | 0          | FDRE/C                    | FDRE/CE                 | wraddr_reg[6]/C         | mem_reg[320]/CE                    |
| Path #12 | 1.500       | 1.182      | 0.238(21%)  | 0.944(79%) | -0.229     | -0.007 | 0.035             | Timed              | Same Clock        | 2            | 3      | FDRE/C-(37)-LUT2-(32)-LUT6-(8)-FDRE/CE                           | clk               | clk             | None      | None-None     | 0            | 0             | 0       | 37          | 0          | 0          | FDRE/C                    | FDRE/CE                 | wraddr_reg[6]/C         | mem_reg[321]/CE                    |
| Path #13 | 1.500       | 1.180      | 0.238(21%)  | 0.942(79%) | -0.229     | -0.005 | 0.035             | Timed              | Same Clock        | 2            | 3      | FDRE/C-(37)-LUT2-(32)-LUT6-(8)-FDRE/CE                           | clk               | clk             | None      | None-None     | 0            | 0             | 0       | 37          | 0          | 0          | FDRE/C                    | FDRE/CE                 | wraddr_reg[6]/C         | mem_reg[324]/CE                    |
| Path #14 | 1.500       | 1.180      | 0.238(21%)  | 0.942(79%) | -0.229     | -0.005 | 0.035             | Timed              | Same Clock        | 2            | 3      | FDRE/C-(37)-LUT2-(32)-LUT6-(8)-FDRE/CE                           | clk               | clk             | None      | None-None     | 0            | 0             | 0       | 37          | 0          | 0          | FDRE/C                    | FDRE/CE                 | wraddr_reg[6]/C         | mem_reg[326]/CE                    |
| Path #15 | 1.500       | 1.414      | 0.516(37%)  | 0.898(63%) | -0.080     | -0.004 | 0.035             | Timed              | Same Clock        | 4            | 4      | FDRE/C-(14)-LUT5-(39)-LUT5-(1)-LUT6-(33)-LUT6-(1)-FDRE/D         | clk               | clk             | None      | None-None     | 0            | 0             | 0       | 39          | 0          | 0          | FDRE/C                    | FDRE/D                  | header_count_r_reg[0]/C | payload_second_last_idx_r_reg[5]/D |
| Path #16 | 1.500       | 1.380      | 0.264(20%)  | 1.116(80%) | -0.112     | -0.002 | 0.035             | Timed              | Same Clock        | 2            | 2      | FDRE/C-(161)-LUT5-(28)-LUT5-(1)-FDRE/D                           | clk               | clk             | None      | None-None     | 0            | 0             | 0       | 161         | 0          | 0          | FDRE/C                    | FDRE/D                  | wraddr_reg[3]/C         | mem_reg[598]/D                     |
| Path #17 | 1.500       | 1.166      | 0.150(13%)  | 1.016(87%) | -0.239     | -0.001 | 0.035             | Timed              | Same Clock        | 2            | 3      | FDRE/C-(37)-LUT2-(32)-LUT6-(8)-FDRE/CE                           | clk               | clk             | None      | None-None     | 0            | 0             | 0       | 37          | 0          | 0          | FDRE/C                    | FDRE/CE                 | wraddr_reg[6]/C         | mem_reg[952]/CE                    |
| Path #18 | 1.500       | 1.237      | 0.237(20%)  | 1.000(80%) | -0.168     | -0.001 | 0.035             | Timed              | Same Clock        | 2            | 3      | FDRE/C-(37)-LUT2-(32)-LUT6-(8)-FDRE/CE                           | clk               | clk             | None      | None-None     | 0            | 0             | 0       | 37          | 0          | 0          | FDRE/C                    | FDRE/CE                 | wraddr_reg[6]/C         | mem_reg[619]/CE                    |
| Path #19 | 1.500       | 1.237      | 0.237(20%)  | 1.000(80%) | -0.168     | -0.001 | 0.035             | Timed              | Same Clock        | 2            | 3      | FDRE/C-(37)-LUT2-(32)-LUT6-(8)-FDRE/CE                           | clk               | clk             | None      | None-None     | 0            | 0             | 0       | 37          | 0          | 0          | FDRE/C                    | FDRE/CE                 | wraddr_reg[6]/C         | mem_reg[623]/CE                    |
| Path #20 | 1.500       | 1.238      | 0.237(20%)  | 1.001(80%) | -0.168     | -0.001 | 0.035             | Timed              | Same Clock        | 2            | 3      | FDRE/C-(37)-LUT2-(32)-LUT6-(8)-FDRE/CE                           | clk               | clk             | None      | None-None     | 0            | 0             | 0       | 37          | 0          | 0          | FDRE/C                    | FDRE/CE                 | wraddr_reg[6]/C         | mem_reg[617]/CE                    |
+----------+-------------+------------+-------------+------------+------------+--------+-------------------+--------------------+-------------------+--------------+--------+------------------------------------------------------------------+-------------------+-----------------+-----------+---------------+--------------+---------------+---------+-------------+------------+------------+---------------------------+-------------------------+-------------------------+------------------------------------+
* Bounding box calculated as % of dimensions for the target device (5130, 1990)


2. Logic Level Distribution
---------------------------

+-----------------+-------------+----+---+---+---+
| End Point Clock | Requirement |  2 | 3 | 4 | 5 |
+-----------------+-------------+----+---+---+---+
| clk             | 1.500ns     | 16 | 1 | 2 | 1 |
+-----------------+-------------+----+---+---+---+
* Columns represent the logic levels per end point clock
** Distribution is for top worst 20 paths


